Component: ARM Compiler 5.06 update 5 (build 528) Tool: armlink [4d35e2]

==============================================================================

Section Cross References

    system_stm32f10x.o(i.SetSysClock) refers to system_stm32f10x.o(i.SetSysClockTo72) for SetSysClockTo72
    system_stm32f10x.o(i.SystemCoreClockUpdate) refers to system_stm32f10x.o(.data) for SystemCoreClock
    system_stm32f10x.o(i.SystemInit) refers to system_stm32f10x.o(i.SetSysClock) for SetSysClock
    startup_stm32f10x_hd.o(STACK) refers (Special) to heapauxi.o(.text) for __use_two_region_memory
    startup_stm32f10x_hd.o(HEAP) refers (Special) to heapauxi.o(.text) for __use_two_region_memory
    startup_stm32f10x_hd.o(RESET) refers (Special) to heapauxi.o(.text) for __use_two_region_memory
    startup_stm32f10x_hd.o(RESET) refers to startup_stm32f10x_hd.o(STACK) for __initial_sp
    startup_stm32f10x_hd.o(RESET) refers to startup_stm32f10x_hd.o(.text) for Reset_Handler
    startup_stm32f10x_hd.o(RESET) refers to stm32f10x_it.o(i.NMI_Handler) for NMI_Handler
    startup_stm32f10x_hd.o(RESET) refers to stm32f10x_it.o(i.HardFault_Handler) for HardFault_Handler
    startup_stm32f10x_hd.o(RESET) refers to stm32f10x_it.o(i.MemManage_Handler) for MemManage_Handler
    startup_stm32f10x_hd.o(RESET) refers to stm32f10x_it.o(i.BusFault_Handler) for BusFault_Handler
    startup_stm32f10x_hd.o(RESET) refers to stm32f10x_it.o(i.UsageFault_Handler) for UsageFault_Handler
    startup_stm32f10x_hd.o(RESET) refers to stm32f10x_it.o(i.SVC_Handler) for SVC_Handler
    startup_stm32f10x_hd.o(RESET) refers to stm32f10x_it.o(i.DebugMon_Handler) for DebugMon_Handler
    startup_stm32f10x_hd.o(RESET) refers to stm32f10x_it.o(i.PendSV_Handler) for PendSV_Handler
    startup_stm32f10x_hd.o(RESET) refers to delay.o(i.SysTick_Handler) for SysTick_Handler
    startup_stm32f10x_hd.o(RESET) refers to key.o(i.EXTI9_5_IRQHandler) for EXTI9_5_IRQHandler
    startup_stm32f10x_hd.o(RESET) refers to time3.o(i.TIM3_IRQHandler) for TIM3_IRQHandler
    startup_stm32f10x_hd.o(RESET) refers to usart1.o(i.USART1_IRQHandler) for USART1_IRQHandler
    startup_stm32f10x_hd.o(RESET) refers to usart2.o(i.USART2_IRQHandler) for USART2_IRQHandler
    startup_stm32f10x_hd.o(.text) refers (Special) to heapauxi.o(.text) for __use_two_region_memory
    startup_stm32f10x_hd.o(.text) refers to system_stm32f10x.o(i.SystemInit) for SystemInit
    startup_stm32f10x_hd.o(.text) refers to __main.o(!!!main) for __main
    startup_stm32f10x_hd.o(.text) refers to startup_stm32f10x_hd.o(HEAP) for Heap_Mem
    startup_stm32f10x_hd.o(.text) refers to startup_stm32f10x_hd.o(STACK) for Stack_Mem
    stm32f10x_adc.o(i.ADC_DeInit) refers to stm32f10x_rcc.o(i.RCC_APB2PeriphResetCmd) for RCC_APB2PeriphResetCmd
    stm32f10x_gpio.o(i.GPIO_AFIODeInit) refers to stm32f10x_rcc.o(i.RCC_APB2PeriphResetCmd) for RCC_APB2PeriphResetCmd
    stm32f10x_gpio.o(i.GPIO_DeInit) refers to stm32f10x_rcc.o(i.RCC_APB2PeriphResetCmd) for RCC_APB2PeriphResetCmd
    stm32f10x_rcc.o(i.RCC_GetClocksFreq) refers to stm32f10x_rcc.o(.data) for APBAHBPrescTable
    stm32f10x_rcc.o(i.RCC_WaitForHSEStartUp) refers to stm32f10x_rcc.o(i.RCC_GetFlagStatus) for RCC_GetFlagStatus
    stm32f10x_tim.o(i.TIM_DeInit) refers to stm32f10x_rcc.o(i.RCC_APB2PeriphResetCmd) for RCC_APB2PeriphResetCmd
    stm32f10x_tim.o(i.TIM_DeInit) refers to stm32f10x_rcc.o(i.RCC_APB1PeriphResetCmd) for RCC_APB1PeriphResetCmd
    stm32f10x_tim.o(i.TIM_ETRClockMode1Config) refers to stm32f10x_tim.o(i.TIM_ETRConfig) for TIM_ETRConfig
    stm32f10x_tim.o(i.TIM_ETRClockMode2Config) refers to stm32f10x_tim.o(i.TIM_ETRConfig) for TIM_ETRConfig
    stm32f10x_tim.o(i.TIM_ICInit) refers to stm32f10x_tim.o(i.TI1_Config) for TI1_Config
    stm32f10x_tim.o(i.TIM_ICInit) refers to stm32f10x_tim.o(i.TIM_SetIC1Prescaler) for TIM_SetIC1Prescaler
    stm32f10x_tim.o(i.TIM_ICInit) refers to stm32f10x_tim.o(i.TI2_Config) for TI2_Config
    stm32f10x_tim.o(i.TIM_ICInit) refers to stm32f10x_tim.o(i.TIM_SetIC2Prescaler) for TIM_SetIC2Prescaler
    stm32f10x_tim.o(i.TIM_ICInit) refers to stm32f10x_tim.o(i.TI3_Config) for TI3_Config
    stm32f10x_tim.o(i.TIM_ICInit) refers to stm32f10x_tim.o(i.TIM_SetIC3Prescaler) for TIM_SetIC3Prescaler
    stm32f10x_tim.o(i.TIM_ICInit) refers to stm32f10x_tim.o(i.TI4_Config) for TI4_Config
    stm32f10x_tim.o(i.TIM_ICInit) refers to stm32f10x_tim.o(i.TIM_SetIC4Prescaler) for TIM_SetIC4Prescaler
    stm32f10x_tim.o(i.TIM_ITRxExternalClockConfig) refers to stm32f10x_tim.o(i.TIM_SelectInputTrigger) for TIM_SelectInputTrigger
    stm32f10x_tim.o(i.TIM_PWMIConfig) refers to stm32f10x_tim.o(i.TI1_Config) for TI1_Config
    stm32f10x_tim.o(i.TIM_PWMIConfig) refers to stm32f10x_tim.o(i.TIM_SetIC1Prescaler) for TIM_SetIC1Prescaler
    stm32f10x_tim.o(i.TIM_PWMIConfig) refers to stm32f10x_tim.o(i.TI2_Config) for TI2_Config
[...]
    ../clib/signal.c                         0x00000000   Number         0  defsig_abrt_inner.o ABSOLUTE
    ../clib/signal.c                         0x00000000   Number         0  __raise.o ABSOLUTE
    ../clib/signal.c                         0x00000000   Number         0  defsig_rtmem_inner.o ABSOLUTE
    ../clib/signal.c                         0x00000000   Number         0  defsig_cppl_inner.o ABSOLUTE
    ../clib/signal.c                         0x00000000   Number         0  defsig_exit.o ABSOLUTE
    ../clib/signal.c                         0x00000000   Number         0  defsig_rtmem_formal.o ABSOLUTE
    ../clib/signal.c                         0x00000000   Number         0  defsig_general.o ABSOLUTE
    ../clib/signal.s                         0x00000000   Number         0  defsig.o ABSOLUTE
    ../clib/stdlib.c                         0x00000000   Number         0  exit.o ABSOLUTE
    ../clib/string.c                         0x00000000   Number         0  strchr.o ABSOLUTE
    ../clib/string.c                         0x00000000   Number         0  strcat.o ABSOLUTE
    ../clib/string.c                         0x00000000   Number         0  strstr.o ABSOLUTE
    ../clib/string.c                         0x00000000   Number         0  strrchr.o ABSOLUTE
    ../fplib/d2f.s                           0x00000000   Number         0  d2f.o ABSOLUTE
    ../fplib/ddiv.s                          0x00000000   Number         0  ddiv.o ABSOLUTE
    ../fplib/dfix.s                          0x00000000   Number         0  dfix.o ABSOLUTE
    ../fplib/dflt.s                          0x00000000   Number         0  dflt_clz.o ABSOLUTE
    ../fplib/dmul.s                          0x00000000   Number         0  dmul.o ABSOLUTE
    ../fplib/dnaninf.s                       0x00000000   Number         0  dnaninf.o ABSOLUTE
    ../fplib/dretinf.s                       0x00000000   Number         0  dretinf.o ABSOLUTE
    ../fplib/fdiv.s                          0x00000000   Number         0  fdiv.o ABSOLUTE
    ../fplib/ffix.s                          0x00000000   Number         0  ffix.o ABSOLUTE
    ../fplib/fnaninf.s                       0x00000000   Number         0  fnaninf.o ABSOLUTE
    ../fplib/fpinit.s                        0x00000000   Number         0  fpinit.o ABSOLUTE
    ../fplib/fretinf.s                       0x00000000   Number         0  fretinf.o ABSOLUTE
    ../fplib/usenofp.s                       0x00000000   Number         0  usenofp.o ABSOLUTE
    ..\CMSI\core_cm3.c                       0x00000000   Number         0  core_cm3.o ABSOLUTE
    ..\CMSI\startup\arm\startup_stm32f10x_hd.s 0x00000000   Number         0  startup_stm32f10x_hd.o ABSOLUTE
    ..\CMSI\system_stm32f10x.c               0x00000000   Number         0  system_stm32f10x.o ABSOLUTE
    ..\STM32F10x_StdPeriph_Driver\src\misc.c 0x00000000   Number         0  misc.o ABSOLUTE
    ..\STM32F10x_StdPeriph_Driver\src\stm32f10x_adc.c 0x00000000   Number         0  stm32f10x_adc.o ABSOLUTE
    ..\STM32F10x_StdPeriph_Driver\src\stm32f10x_dma.c 0x00000000   Number         0  stm32f10x_dma.o ABSOLUTE
    ..\STM32F10x_StdPeriph_Driver\src\stm32f10x_exti.c 0x00000000   Number         0  stm32f10x_exti.o ABSOLUTE
    ..\STM32F10x_StdPeriph_Driver\src\stm32f10x_gpio.c 0x00000000   Number         0  stm32f10x_gpio.o ABSOLUTE
    ..\STM32F10x_StdPeriph_Driver\src\stm32f10x_rcc.c 0x00000000   Number         0  stm32f10x_rcc.o ABSOLUTE
    ..\STM32F10x_StdPeriph_Driver\src\stm32f10x_tim.c 0x00000000   Number         0  stm32f10x_tim.o ABSOLUTE
    ..\STM32F10x_StdPeriph_Driver\src\stm32f10x_usart.c 0x00000000   Number         0  stm32f10x_usart.o ABSOLUTE
    ..\USER\CODE\ADC.c                       0x00000000   Number         0  adc.o ABSOLUTE
    ..\USER\CODE\Delay.c                     0x00000000   Number         0  delay.o ABSOLUTE
    ..\USER\CODE\KEY.c                       0x00000000   Number         0  key.o ABSOLUTE
    ..\USER\CODE\MODE.c                      0x00000000   Number         0  mode.o ABSOLUTE
    ..\USER\CODE\MOTO.c                      0x00000000   Number         0  moto.o ABSOLUTE
    ..\USER\CODE\Measure.c                   0x00000000   Number         0  measure.o ABSOLUTE
    ..\USER\CODE\NVIC.c                      0x00000000   Number         0  nvic.o ABSOLUTE
    ..\USER\CODE\PWM.c                       0x00000000   Number         0  pwm.o ABSOLUTE
    ..\USER\CODE\TIME3.c                     0x00000000   Number         0  time3.o ABSOLUTE
    ..\USER\CODE\Test.c                      0x00000000   Number         0  test.o ABSOLUTE
    ..\USER\CODE\USART1.c                    0x00000000   Number         0  usart1.o ABSOLUTE
    ..\USER\CODE\USART2.c                    0x00000000   Number         0  usart2.o ABSOLUTE
    ..\USER\main.c                           0x00000000   Number         0  main.o ABSOLUTE
    ..\USER\stm32f10x_it.c                   0x00000000   Number         0  stm32f10x_it.o ABSOLUTE
    ..\\CMSI\\core_cm3.c                     0x00000000   Number         0  core_cm3.o ABSOLUTE
    dc.s                                     0x00000000   Number         0  dc.o ABSOLUTE
    RESET                                    0x08000000   Section      304  startup_stm32f10x_hd.o(RESET)
    !!!main                                  0x08000130   Section        8  __main.o(!!!main)
    !!!scatter                               0x08000138   Section       52  __scatter.o(!!!scatter)
    !!handler_copy                           0x0800016c   Section       26  __scatter_copy.o(!!handler_copy)
    !!handler_zi                             0x08000188   Section       28  __scatter_zi.o(!!handler_zi)
    .ARM.Collect$$libinit$$00000000          0x080001a4   Section        2  libinit.o(.ARM.Collect$$libinit$$00000000)
    .ARM.Collect$$libinit$$00000002          0x080001a6   Section        0  libinit2.o(.ARM.Collect$$libinit$$00000002)
    .ARM.Collect$$libinit$$00000004          0x080001a6   Section        0  libinit2.o(.ARM.Collect$$libinit$$00000004)
    .ARM.Collect$$libinit$$0000000A          0x080001a6   Section        0  libinit2.o(.ARM.Collect$$libinit$$0000000A)
    .ARM.Collect$$libinit$$0000000C          0x080001a6   Section        0  libinit2.o(.ARM.Collect$$libinit$$0000000C)
    .ARM.Collect$$libinit$$0000000E          0x080001a6   Section        0  libinit2.o(.ARM.Collect$$libinit$$0000000E)
    .ARM.Collect$$libinit$$00000011          0x080001a6   Section        0  libinit2.o(.ARM.Collect$$libinit$$00000011)
    .ARM.Collect$$libinit$$00000013          0x080001a6   Section        0  libinit2.o(.ARM.Collect$$libinit$$00000013)
    .ARM.Collect$$libinit$$00000015          0x080001a6   Section        0  libinit2.o(.ARM.Collect$$libinit$$00000015)
    .ARM.Collect$$libinit$$00000017          0x080001a6   Section        0  libinit2.o(.ARM.Collect$$libinit$$00000017)
    .ARM.Collect$$libinit$$00000019          0x080001a6   Section        0  libinit2.o(.ARM.Collect$$libinit$$00000019)
    .ARM.Collect$$libinit$$0000001B          0x080001a6   Section        0  libinit2.o(.ARM.Collect$$libinit$$0000001B)
    .ARM.Collect$$libinit$$0000001D          0x080001a6   Section        0  libinit2.o(.ARM.Collect$$libinit$$0000001D)
    .ARM.Collect$$libinit$$0000001F          0x080001a6   Section        0  libinit2.o(.ARM.Collect$$libinit$$0000001F)
    .ARM.Collect$$libinit$$00000021          0x080001a6   Section        0  libinit2.o(.ARM.Collect$$libinit$$00000021)
    .ARM.Collect$$libinit$$00000023          0x080001a6   Section        0  libinit2.o(.ARM.Collect$$libinit$$00000023)
    .ARM.Collect$$libinit$$00000025          0x080001a6   Section        0  libinit2.o(.ARM.Collect$$libinit$$00000025)
    .ARM.Collect$$libinit$$0000002C          0x080001a6   Section        0  libinit2.o(.ARM.Collect$$libinit$$0000002C)
    .ARM.Collect$$libinit$$0000002E          0x080001a6   Section        0  libinit2.o(.ARM.Collect$$libinit$$0000002E)
    .ARM.Collect$$libinit$$00000030          0x080001a6   Section        0  libinit2.o(.ARM.Collect$$libinit$$00000030)
    .ARM.Collect$$libinit$$00000032          0x080001a6   Section        0  libinit2.o(.ARM.Collect$$libinit$$00000032)
    .ARM.Collect$$libinit$$00000033          0x080001a6   Section        2  libinit2.o(.ARM.Collect$$libinit$$00000033)
    .ARM.Collect$$libshutdown$$00000000      0x080001a8   Section        2  libshutdown.o(.ARM.Collect$$libshutdown$$00000000)
    .ARM.Collect$$libshutdown$$00000002      0x080001aa   Section        0  libshutdown2.o(.ARM.Collect$$libshutdown$$00000002)
    .ARM.Collect$$libshutdown$$00000004      0x080001aa   Section        0  libshutdown2.o(.ARM.Collect$$libshutdown$$00000004)
    .ARM.Collect$$libshutdown$$00000007      0x080001aa   Section        0  libshutdown2.o(.ARM.Collect$$libshutdown$$00000007)
    .ARM.Collect$$libshutdown$$0000000A      0x080001aa   Section        0  libshutdown2.o(.ARM.Collect$$libshutdown$$0000000A)
    .ARM.Collect$$libshutdown$$0000000C      0x080001aa   Section        0  libshutdown2.o(.ARM.Collect$$libshutdown$$0000000C)
    .ARM.Collect$$libshutdown$$0000000F      0x080001aa   Section        0  libshutdown2.o(.ARM.Collect$$libshutdown$$0000000F)
    .ARM.Collect$$libshutdown$$00000010      0x080001aa   Section        2  libshutdown2.o(.ARM.Collect$$libshutdown$$00000010)
    .ARM.Collect$$rtentry$$00000000          0x080001ac   Section        0  __rtentry.o(.ARM.Collect$$rtentry$$00000000)
    .ARM.Collect$$rtentry$$00000002          0x080001ac   Section        0  __rtentry2.o(.ARM.Collect$$rtentry$$00000002)
    .ARM.Collect$$rtentry$$00000004          0x080001ac   Section        6  __rtentry4.o(.ARM.Collect$$rtentry$$00000004)
    .ARM.Collect$$rtentry$$00000009          0x080001b2   Section        0  __rtentry2.o(.ARM.Collect$$rtentry$$00000009)
    .ARM.Collect$$rtentry$$0000000A          0x080001b2   Section        4  __rtentry2.o(.ARM.Collect$$rtentry$$0000000A)
    .ARM.Collect$$rtentry$$0000000C          0x080001b6   Section        0  __rtentry2.o(.ARM.Collect$$rtentry$$0000000C)
    .ARM.Collect$$rtentry$$0000000D          0x080001b6   Section        8  __rtentry2.o(.ARM.Collect$$rtentry$$0000000D)
    .ARM.Collect$$rtexit$$00000000           0x080001be   Section        2  rtexit.o(.ARM.Collect$$rtexit$$00000000)
    .ARM.Collect$$rtexit$$00000002           0x080001c0   Section        0  rtexit2.o(.ARM.Collect$$rtexit$$00000002)
    .ARM.Collect$$rtexit$$00000003           0x080001c0   Section        4  rtexit2.o(.ARM.Collect$$rtexit$$00000003)
    .ARM.Collect$$rtexit$$00000004           0x080001c4   Section        6  rtexit2.o(.ARM.Collect$$rtexit$$00000004)
    .text                                    0x080001cc   Section       64  startup_stm32f10x_hd.o(.text)
    .text                                    0x0800020c   Section        0  strchr.o(.text)
    .text                                    0x08000220   Section        0  strstr.o(.text)
    .text                                    0x08000244   Section        0  strrchr.o(.text)
    .text                                    0x0800025a   Section        0  strcat.o(.text)
    .text                                    0x08000272   Section       78  rt_memclr_w.o(.text)
    .text                                    0x080002c0   Section        0  heapauxi.o(.text)
    .text                                    0x080002c6   Section       74  sys_stackheap_outer.o(.text)
    .text                                    0x08000310   Section        0  exit.o(.text)
    .text                                    0x08000324   Section        8  libspace.o(.text)
    .text                                    0x0800032c   Section        0  sys_exit.o(.text)
    .text                                    0x08000338   Section        2  use_no_semi.o(.text)
    .text                                    0x0800033a   Section        0  indicate_semi.o(.text)
    i.ADC1_Config                            0x0800033c   Section        0  adc.o(i.ADC1_Config)
    i.ADC1_DMA_Init                          0x08000368   Section        0  adc.o(i.ADC1_DMA_Init)
    i.ADC1_GPIO_Init                         0x080003d4   Section        0  adc.o(i.ADC1_GPIO_Init)
    i.ADC1_Init                              0x080003f0   Section        0  adc.o(i.ADC1_Init)
    i.ADC_Cmd                                0x080004c0   Section        0  stm32f10x_adc.o(i.ADC_Cmd)
    i.ADC_Conversion                         0x080004d8   Section        0  adc.o(i.ADC_Conversion)
    i.ADC_DMACmd                             0x0800057c   Section        0  stm32f10x_adc.o(i.ADC_DMACmd)
    i.ADC_Data_Process                       0x08000594   Section        0  adc.o(i.ADC_Data_Process)
    i.ADC_DeInit                             0x080006ac   Section        0  stm32f10x_adc.o(i.ADC_DeInit)
    i.ADC_GetCalibrationStatus               0x08000708   Section        0  stm32f10x_adc.o(i.ADC_GetCalibrationStatus)
    i.ADC_GetResetCalibrationStatus          0x0800071c   Section        0  stm32f10x_adc.o(i.ADC_GetResetCalibrationStatus)
    i.ADC_Init                               0x08000730   Section        0  stm32f10x_adc.o(i.ADC_Init)
    i.ADC_RegularChannelConfig               0x08000780   Section        0  stm32f10x_adc.o(i.ADC_RegularChannelConfig)
    i.ADC_ResetCalibration                   0x08000838   Section        0  stm32f10x_adc.o(i.ADC_ResetCalibration)
    i.ADC_SoftwareStartConvCmd               0x08000842   Section        0  stm32f10x_adc.o(i.ADC_SoftwareStartConvCmd)
    i.ADC_StartCalibration                   0x08000858   Section        0  stm32f10x_adc.o(i.ADC_StartCalibration)
    i.BusFault_Handler                       0x08000862   Section        0  stm32f10x_it.o(i.BusFault_Handler)
    i.Control_PWN                            0x08000868   Section        0  measure.o(i.Control_PWN)
    i.DMA_ClearFlag                          0x080008f4   Section        0  stm32f10x_dma.o(i.DMA_ClearFlag)
    i.DMA_Cmd                                0x08000910   Section        0  stm32f10x_dma.o(i.DMA_Cmd)
    i.DMA_DeInit                             0x08000928   Section        0  stm32f10x_dma.o(i.DMA_DeInit)
    i.DMA_GetCurrDataCounter                 0x08000a74   Section        0  stm32f10x_dma.o(i.DMA_GetCurrDataCounter)
    i.DMA_Init                               0x08000a7c   Section        0  stm32f10x_dma.o(i.DMA_Init)
    i.Data_Conversion                        0x08000ab8   Section        0  measure.o(i.Data_Conversion)
    i.DebugMon_Handler                       0x08000b3c   Section        0  stm32f10x_it.o(i.DebugMon_Handler)
    i.Delay_Nms                              0x08000b40   Section        0  delay.o(i.Delay_Nms)
    i.Delay_Nus                              0x08000b70   Section        0  delay.o(i.Delay_Nus)
    i.EXTI9_5_IRQHandler                     0x08000b9c   Section        0  key.o(i.EXTI9_5_IRQHandler)
    i.EXTI_ClearFlag                         0x08000c2c   Section        0  stm32f10x_exti.o(i.EXTI_ClearFlag)
    i.EXTI_GetITStatus                       0x08000c38   Section        0  stm32f10x_exti.o(i.EXTI_GetITStatus)
    i.EXTI_Init                              0x08000c60   Section        0  stm32f10x_exti.o(i.EXTI_Init)
    i.GET_Message                            0x08000cf4   Section        0  usart2.o(i.GET_Message)
    i.GPIOABC_Init                           0x08000d30   Section        0  nvic.o(i.GPIOABC_Init)
    i.GPIO_EXTILineConfig                    0x08000d3c   Section        0  stm32f10x_gpio.o(i.GPIO_EXTILineConfig)
    i.GPIO_Init                              0x08000d7c   Section        0  stm32f10x_gpio.o(i.GPIO_Init)
    i.GPIO_PinRemapConfig                    0x08000e94   Section        0  stm32f10x_gpio.o(i.GPIO_PinRemapConfig)
    i.GPIO_ResetBits                         0x08000f24   Section        0  stm32f10x_gpio.o(i.GPIO_ResetBits)
    i.GPIO_SetBits                           0x08000f28   Section        0  stm32f10x_gpio.o(i.GPIO_SetBits)
    i.GPS_GSM_Init                           0x08000f2c   Section        0  usart2.o(i.GPS_GSM_Init)
    i.GPS_Pr                                 0x08000fd0   Section        0  usart2.o(i.GPS_Pr)
    i.GSM_Pr                                 0x08001068   Section        0  usart2.o(i.GSM_Pr)
    i.Get_Location_Data                      0x08001104   Section        0  usart2.o(i.Get_Location_Data)
    i.Get_Phone_Number                       0x08001144   Section        0  usart1.o(i.Get_Phone_Number)
    i.HardFault_Handler                      0x08001170   Section        0  stm32f10x_it.o(i.HardFault_Handler)
    i.Key_Init                               0x08001174   Section        0  key.o(i.Key_Init)
    i.LED_Init                               0x080011f8   Section        0  key.o(i.LED_Init)
    i.MEASURE_Mode                           0x08001260   Section        0  mode.o(i.MEASURE_Mode)
    i.MOTO_Forward                           0x08001374   Section        0  moto.o(i.MOTO_Forward)
    i.MOTO_Init                              0x080013cc   Section        0  moto.o(i.MOTO_Init)
    i.MOTO_Reverse                           0x0800140c   Section        0  moto.o(i.MOTO_Reverse)
    i.Measure                                0x08001464   Section        0  measure.o(i.Measure)
    i.Measure_Data                           0x08001480   Section        0  measure.o(i.Measure_Data)
    i.Measure_Init                           0x080015b0   Section        0  measure.o(i.Measure_Init)
    i.MemManage_Handler                      0x08001600   Section        0  stm32f10x_it.o(i.MemManage_Handler)
    i.Message_Action                         0x08001604   Section        0  usart2.o(i.Message_Action)
    i.Mode_Init                              0x08001668   Section        0  mode.o(i.Mode_Init)
    i.NMI_Handler                            0x080016a0   Section        0  stm32f10x_it.o(i.NMI_Handler)
    i.NVIC_Init                              0x080016a4   Section        0  misc.o(i.NVIC_Init)
    i.NVIC_PriorityGroupConfig               0x08001714   Section        0  misc.o(i.NVIC_PriorityGroupConfig)
    i.PWM_BL                                 0x08001728   Section        0  pwm.o(i.PWM_BL)
    i.PWM_Left_B                             0x08001754   Section        0  pwm.o(i.PWM_Left_B)
    i.PWM_Left_BL                            0x08001784   Section        0  pwm.o(i.PWM_Left_BL)
    i.PWM_Left_C                             0x080017ac   Section        0  pwm.o(i.PWM_Left_C)
    i.PWM_NVIC_Config                        0x080017dc   Section        0  pwm.o(i.PWM_NVIC_Config)
    i.PWM_Right_B                            0x08001800   Section        0  pwm.o(i.PWM_Right_B)
    i.PWM_Right_BL                           0x08001830   Section        0  pwm.o(i.PWM_Right_BL)
    i.PWM_Right_C                            0x08001858   Section        0  pwm.o(i.PWM_Right_C)
    i.PWM_Start                              0x08001888   Section        0  pwm.o(i.PWM_Start)
    i.PWM_Stop                               0x080018c0   Section        0  pwm.o(i.PWM_Stop)
    i.PendSV_Handler                         0x080018f4   Section        0  stm32f10x_it.o(i.PendSV_Handler)
    i.Pwm_Init                               0x080018f8   Section        0  pwm.o(i.Pwm_Init)
    i.RCC_ADCCLKConfig                       0x080019d0   Section        0  stm32f10x_rcc.o(i.RCC_ADCCLKConfig)
    i.RCC_AHBPeriphClockCmd                  0x080019e8   Section        0  stm32f10x_rcc.o(i.RCC_AHBPeriphClockCmd)
    i.RCC_APB1PeriphClockCmd                 0x08001a08   Section        0  stm32f10x_rcc.o(i.RCC_APB1PeriphClockCmd)
    i.RCC_APB2PeriphClockCmd                 0x08001a28   Section        0  stm32f10x_rcc.o(i.RCC_APB2PeriphClockCmd)
    i.RCC_APB2PeriphResetCmd                 0x08001a48   Section        0  stm32f10x_rcc.o(i.RCC_APB2PeriphResetCmd)
    i.RCC_GetClocksFreq                      0x08001a68   Section        0  stm32f10x_rcc.o(i.RCC_GetClocksFreq)
    i.SVC_Handler                            0x08001b3c   Section        0  stm32f10x_it.o(i.SVC_Handler)
    i.Send_Message                           0x08001b40   Section        0  usart2.o(i.Send_Message)
    i.SetSysClock                            0x08001bcc   Section        0  system_stm32f10x.o(i.SetSysClock)
    SetSysClock                              0x08001bcd   Thumb Code     8  system_stm32f10x.o(i.SetSysClock)
    i.SetSysClockTo72                        0x08001bd4   Section        0  system_stm32f10x.o(i.SetSysClockTo72)
    SetSysClockTo72                          0x08001bd5   Thumb Code   214  system_stm32f10x.o(i.SetSysClockTo72)
    i.Set_PWM                                0x08001cb4   Section        0  pwm.o(i.Set_PWM)
    i.SysTick_CLKSourceConfig                0x08001cce   Section        0  misc.o(i.SysTick_CLKSourceConfig)
    i.SysTick_Configuration                  0x08001cf6   Section        0  delay.o(i.SysTick_Configuration)
    i.SysTick_Handler                        0x08001d0c   Section        0  delay.o(i.SysTick_Handler)
    i.SystemInit                             0x08001d1c   Section        0  system_stm32f10x.o(i.SystemInit)
    i.T3_GET_Time                            0x08001d7c   Section        0  time3.o(i.T3_GET_Time)
    i.TIM3_IRQHandler                        0x08001db0   Section        0  time3.o(i.TIM3_IRQHandler)
    i.TIM_ARRPreloadConfig                   0x08001ddc   Section        0  stm32f10x_tim.o(i.TIM_ARRPreloadConfig)
    i.TIM_ClearFlag                          0x08001df4   Section        0  stm32f10x_tim.o(i.TIM_ClearFlag)
    i.TIM_ClearITPendingBit                  0x08001dfa   Section        0  stm32f10x_tim.o(i.TIM_ClearITPendingBit)
    i.TIM_Cmd                                0x08001e00   Section        0  stm32f10x_tim.o(i.TIM_Cmd)
    i.TIM_GetCounter                         0x08001e18   Section        0  stm32f10x_tim.o(i.TIM_GetCounter)
    i.TIM_GetITStatus                        0x08001e1e   Section        0  stm32f10x_tim.o(i.TIM_GetITStatus)
    i.TIM_ITConfig                           0x08001e40   Section        0  stm32f10x_tim.o(i.TIM_ITConfig)
    i.TIM_OC1Init                            0x08001e54   Section        0  stm32f10x_tim.o(i.TIM_OC1Init)
    i.TIM_OC1PreloadConfig                   0x08001eec   Section        0  stm32f10x_tim.o(i.TIM_OC1PreloadConfig)
    i.TIM_OC2Init                            0x08001f00   Section        0  stm32f10x_tim.o(i.TIM_OC2Init)
    i.TIM_OC2PreloadConfig                   0x08001fa4   Section        0  stm32f10x_tim.o(i.TIM_OC2PreloadConfig)
    i.TIM_SetCompare1                        0x08001fbe   Section        0  stm32f10x_tim.o(i.TIM_SetCompare1)
    i.TIM_SetCompare2                        0x08001fc2   Section        0  stm32f10x_tim.o(i.TIM_SetCompare2)
    i.TIM_TimeBaseInit                       0x08001fc8   Section        0  stm32f10x_tim.o(i.TIM_TimeBaseInit)
    i.Time3_Config                           0x0800206c   Section        0  time3.o(i.Time3_Config)
    i.UART1_Configuration                    0x080020d0   Section        0  usart1.o(i.UART1_Configuration)
    i.UART1_DMA_Configuration                0x08002134   Section        0  usart1.o(i.UART1_DMA_Configuration)
    i.UART1_GPIO_Configuration               0x08002188   Section        0  usart1.o(i.UART1_GPIO_Configuration)
    i.UART1_RCC_Configuration                0x080021c4   Section        0  usart1.o(i.UART1_RCC_Configuration)
    i.UART2_Configuration                    0x080021d8   Section        0  usart2.o(i.UART2_Configuration)
    i.USART1_IRQHandler                      0x0800223c   Section        0  usart1.o(i.USART1_IRQHandler)
    i.USART1_Init                            0x08002308   Section        0  usart1.o(i.USART1_Init)
    i.USART1_NVIC_Configuration              0x08002320   Section        0  usart1.o(i.USART1_NVIC_Configuration)
    i.USART1_Pr                              0x08002344   Section        0  usart1.o(i.USART1_Pr)
    i.USART1_SendString                      0x0800246c   Section        0  usart1.o(i.USART1_SendString)
    i.USART2_GPIO_Configuration              0x080024b0   Section        0  usart2.o(i.USART2_GPIO_Configuration)
    i.USART2_IRQHandler                      0x080024e8   Section        0  usart2.o(i.USART2_IRQHandler)
    i.USART2_Init                            0x080025c4   Section        0  usart2.o(i.USART2_Init)
    i.USART2_NVIC_Configuration              0x080025ec   Section        0  usart2.o(i.USART2_NVIC_Configuration)
    i.USART2_Pr                              0x0800260c   Section        0  usart2.o(i.USART2_Pr)
    i.USART2_RCC_Configuration               0x08002670   Section        0  usart2.o(i.USART2_RCC_Configuration)
    i.USART2_SendString                      0x0800267c   Section        0  usart2.o(i.USART2_SendString)
    i.USART_ClearFlag                        0x080026c0   Section        0  stm32f10x_usart.o(i.USART_ClearFlag)
    i.USART_ClearITPendingBit                0x080026d2   Section        0  stm32f10x_usart.o(i.USART_ClearITPendingBit)
    i.USART_Cmd                              0x080026f0   Section        0  stm32f10x_usart.o(i.USART_Cmd)
    i.USART_DMACmd                           0x08002708   Section        0  stm32f10x_usart.o(i.USART_DMACmd)
    i.USART_GetFlagStatus                    0x0800271a   Section        0  stm32f10x_usart.o(i.USART_GetFlagStatus)
    i.USART_GetITStatus                      0x08002734   Section        0  stm32f10x_usart.o(i.USART_GetITStatus)
    i.USART_ITConfig                         0x08002788   Section        0  stm32f10x_usart.o(i.USART_ITConfig)
    i.USART_Init                             0x080027d4   Section        0  stm32f10x_usart.o(i.USART_Init)
    i.USART_ReceiveData                      0x080028ac   Section        0  stm32f10x_usart.o(i.USART_ReceiveData)
    i.USART_SendData                         0x080028b6   Section        0  stm32f10x_usart.o(i.USART_SendData)
    i.UsageFault_Handler                     0x080028be   Section        0  stm32f10x_it.o(i.UsageFault_Handler)
    i.main                                   0x080028c4   Section        0  main.o(i.main)
    i.set_PriorityGroup                      0x08002938   Section        0  nvic.o(i.set_PriorityGroup)
    x$fpl$d2f                                0x08002944   Section       98  d2f.o(x$fpl$d2f)
    x$fpl$ddiv                               0x080029a8   Section      688  ddiv.o(x$fpl$ddiv)
    ddiv_entry                               0x080029af   Thumb Code     0  ddiv.o(x$fpl$ddiv)
    x$fpl$dfix                               0x08002c58   Section       94  dfix.o(x$fpl$dfix)
    x$fpl$dflt                               0x08002cb6   Section       46  dflt_clz.o(x$fpl$dflt)
    x$fpl$dfltu                              0x08002ce4   Section       38  dflt_clz.o(x$fpl$dfltu)
    x$fpl$dmul                               0x08002d0c   Section      340  dmul.o(x$fpl$dmul)
    x$fpl$dnaninf                            0x08002e60   Section      156  dnaninf.o(x$fpl$dnaninf)
    x$fpl$dretinf                            0x08002efc   Section       12  dretinf.o(x$fpl$dretinf)
    x$fpl$fdiv                               0x08002f08   Section      388  fdiv.o(x$fpl$fdiv)
    _fdiv1                                   0x08002f09   Thumb Code     0  fdiv.o(x$fpl$fdiv)
    x$fpl$ffix                               0x0800308c   Section       54  ffix.o(x$fpl$ffix)
    x$fpl$fnaninf                            0x080030c2   Section      140  fnaninf.o(x$fpl$fnaninf)
    x$fpl$fretinf                            0x0800314e   Section       10  fretinf.o(x$fpl$fretinf)
    .constdata                               0x08003158   Section       16  moto.o(.constdata)
    x$fpl$usenofp                            0x08003158   Section        0  usenofp.o(x$fpl$usenofp)
    .data                                    0x20000000   Section       20  stm32f10x_rcc.o(.data)
    APBAHBPrescTable                         0x20000000   Data          16  stm32f10x_rcc.o(.data)
    ADCPrescTable                            0x20000010   Data           4  stm32f10x_rcc.o(.data)
    .data                                    0x20000014   Section        4  delay.o(.data)
    .data                                    0x20000018   Section        1  measure.o(.data)
    .data                                    0x2000001c   Section        4  pwm.o(.data)
    .data                                    0x20000020   Section        1  moto.o(.data)
    .data                                    0x20000021   Section       13  usart1.o(.data)
    .data                                    0x2000002e   Section        7  usart2.o(.data)
    .data                                    0x20000035   Section        4  mode.o(.data)
    .data                                    0x20000039   Section        1  adc.o(.data)
    .bss                                     0x2000003c   Section       24  measure.o(.bss)
    .bss                                     0x20000054   Section      120  usart1.o(.bss)
    USART1_Rx                                0x20000054   Data         120  usart1.o(.bss)
    .bss                                     0x200000cc   Section      230  usart2.o(.bss)
    USART2_Rx                                0x200000cc   Data         200  usart2.o(.bss)
    .bss                                     0x200001b2   Section       76  adc.o(.bss)
    .bss                                     0x20000200   Section       96  libspace.o(.bss)
    HEAP                                     0x20000260   Section      512  startup_stm32f10x_hd.o(HEAP)
    Heap_Mem                                 0x20000260   Data         512  startup_stm32f10x_hd.o(HEAP)
    STACK                                    0x20000460   Section     1024  startup_stm32f10x_hd.o(STACK)
    Stack_Mem                                0x20000460   Data        1024  startup_stm32f10x_hd.o(STACK)
    __initial_sp                             0x20000860   Data           0  startup_stm32f10x_hd.o(STACK)

    Global Symbols

    Symbol Name                              Value     Ov Type        Size  Object(Section)

    BuildAttributes$$THM_ISAv4$P$D$K$B$S$PE$A:L22UL41UL21$X:L11$S22US41US21$IEEE1$IW$USESV6$~STKCKD$USESV7$~SHL$OSPACE$ROPI$EBA8$UX$STANDARDLIB$REQ8$PRES8$EABIv2 0x00000000   Number         0  anon$$obj.o ABSOLUTE
    __ARM_use_no_argv                        0x00000000   Number         0  main.o ABSOLUTE
    __ARM_exceptions_init                     - Undefined Weak Reference
    __alloca_initialize                       - Undefined Weak Reference
    __arm_preinit_                            - Undefined Weak Reference
    __cpp_initialize__aeabi_                  - Undefined Weak Reference
    __cxa_finalize                            - Undefined Weak Reference
    __rt_locale                               - Undefined Weak Reference
    __sigvec_lookup                           - Undefined Weak Reference
    _atexit_init                              - Undefined Weak Reference
    _call_atexit_fns                          - Undefined Weak Reference
    _clock_init                               - Undefined Weak Reference
    _fp_trap_init                             - Undefined Weak Reference
    _fp_trap_shutdown                         - Undefined Weak Reference
    _get_lc_collate                           - Undefined Weak Reference
    _get_lc_ctype                             - Undefined Weak Reference
    _get_lc_monetary                          - Undefined Weak Reference
    _get_lc_numeric                           - Undefined Weak Reference
    _get_lc_time                              - Undefined Weak Reference
    _getenv_init                              - Undefined Weak Reference
    _handle_redirection                       - Undefined Weak Reference
    _init_alloc                               - Undefined Weak Reference
    _init_user_alloc                          - Undefined Weak Reference
    _initio                                   - Undefined Weak Reference
    _rand_init                                - Undefined Weak Reference
    _signal_finish                            - Undefined Weak Reference
    _signal_init                              - Undefined Weak Reference
    _terminate_alloc                          - Undefined Weak Reference
    _terminate_user_alloc                     - Undefined Weak Reference
    _terminateio                              - Undefined Weak Reference
    __Vectors_Size                           0x00000130   Number         0  startup_stm32f10x_hd.o ABSOLUTE
    __Vectors                                0x08000000   Data           4  startup_stm32f10x_hd.o(RESET)
    __Vectors_End                            0x08000130   Data           0  startup_stm32f10x_hd.o(RESET)
    __main                                   0x08000131   Thumb Code     8  __main.o(!!!main)
    __scatterload                            0x08000139   Thumb Code     0  __scatter.o(!!!scatter)
    __scatterload_rt2                        0x08000139   Thumb Code    44  __scatter.o(!!!scatter)
    __scatterload_rt2_thumb_only             0x08000139   Thumb Code     0  __scatter.o(!!!scatter)
    __scatterload_null                       0x08000147   Thumb Code     0  __scatter.o(!!!scatter)
    __scatterload_copy                       0x0800016d   Thumb Code    26  __scatter_copy.o(!!handler_copy)
    __scatterload_zeroinit                   0x08000189   Thumb Code    28  __scatter_zi.o(!!handler_zi)
    __rt_lib_init                            0x080001a5   Thumb Code     0  libinit.o(.ARM.Collect$$libinit$$00000000)
    __rt_lib_init_alloca_1                   0x080001a7   Thumb Code     0  libinit2.o(.ARM.Collect$$libinit$$0000002E)
    __rt_lib_init_argv_1                     0x080001a7   Thumb Code     0  libinit2.o(.ARM.Collect$$libinit$$0000002C)
    __rt_lib_init_atexit_1                   0x080001a7   Thumb Code     0  libinit2.o(.ARM.Collect$$libinit$$0000001B)
    __rt_lib_init_clock_1                    0x080001a7   Thumb Code     0  libinit2.o(.ARM.Collect$$libinit$$00000021)
    __rt_lib_init_cpp_1                      0x080001a7   Thumb Code     0  libinit2.o(.ARM.Collect$$libinit$$00000032)
    __rt_lib_init_exceptions_1               0x080001a7   Thumb Code     0  libinit2.o(.ARM.Collect$$libinit$$00000030)
    __rt_lib_init_fp_1                       0x080001a7   Thumb Code     0  libinit2.o(.ARM.Collect$$libinit$$00000002)
    __rt_lib_init_fp_trap_1                  0x080001a7   Thumb Code     0  libinit2.o(.ARM.Collect$$libinit$$0000001F)
    __rt_lib_init_getenv_1                   0x080001a7   Thumb Code     0  libinit2.o(.ARM.Collect$$libinit$$00000023)
    __rt_lib_init_heap_1                     0x080001a7   Thumb Code     0  libinit2.o(.ARM.Collect$$libinit$$0000000A)
    __rt_lib_init_lc_collate_1               0x080001a7   Thumb Code     0  libinit2.o(.ARM.Collect$$libinit$$00000011)
    __rt_lib_init_lc_ctype_1                 0x080001a7   Thumb Code     0  libinit2.o(.ARM.Collect$$libinit$$00000013)
    __rt_lib_init_lc_monetary_1              0x080001a7   Thumb Code     0  libinit2.o(.ARM.Collect$$libinit$$00000015)
    __rt_lib_init_lc_numeric_1               0x080001a7   Thumb Code     0  libinit2.o(.ARM.Collect$$libinit$$00000017)
    __rt_lib_init_lc_time_1                  0x080001a7   Thumb Code     0  libinit2.o(.ARM.Collect$$libinit$$00000019)
    __rt_lib_init_preinit_1                  0x080001a7   Thumb Code     0  libinit2.o(.ARM.Collect$$libinit$$00000004)
    __rt_lib_init_rand_1                     0x080001a7   Thumb Code     0  libinit2.o(.ARM.Collect$$libinit$$0000000E)
    __rt_lib_init_return                     0x080001a7   Thumb Code     0  libinit2.o(.ARM.Collect$$libinit$$00000033)
    __rt_lib_init_signal_1                   0x080001a7   Thumb Code     0  libinit2.o(.ARM.Collect$$libinit$$0000001D)
    __rt_lib_init_stdio_1                    0x080001a7   Thumb Code     0  libinit2.o(.ARM.Collect$$libinit$$00000025)
    __rt_lib_init_user_alloc_1               0x080001a7   Thumb Code     0  libinit2.o(.ARM.Collect$$libinit$$0000000C)
    __rt_lib_shutdown                        0x080001a9   Thumb Code     0  libshutdown.o(.ARM.Collect$$libshutdown$$00000000)
    __rt_lib_shutdown_cpp_1                  0x080001ab   Thumb Code     0  libshutdown2.o(.ARM.Collect$$libshutdown$$00000002)
    __rt_lib_shutdown_fp_trap_1              0x080001ab   Thumb Code     0  libshutdown2.o(.ARM.Collect$$libshutdown$$00000007)
    __rt_lib_shutdown_heap_1                 0x080001ab   Thumb Code     0  libshutdown2.o(.ARM.Collect$$libshutdown$$0000000F)
    __rt_lib_shutdown_return                 0x080001ab   Thumb Code     0  libshutdown2.o(.ARM.Collect$$libshutdown$$00000010)
    __rt_lib_shutdown_signal_1               0x080001ab   Thumb Code     0  libshutdown2.o(.ARM.Collect$$libshutdown$$0000000A)
    __rt_lib_shutdown_stdio_1                0x080001ab   Thumb Code     0  libshutdown2.o(.ARM.Collect$$libshutdown$$00000004)
    __rt_lib_shutdown_user_alloc_1           0x080001ab   Thumb Code     0  libshutdown2.o(.ARM.Collect$$libshutdown$$0000000C)
    __rt_entry                               0x080001ad   Thumb Code     0  __rtentry.o(.ARM.Collect$$rtentry$$00000000)
    __rt_entry_presh_1                       0x080001ad   Thumb Code     0  __rtentry2.o(.ARM.Collect$$rtentry$$00000002)
    __rt_entry_sh                            0x080001ad   Thumb Code     0  __rtentry4.o(.ARM.Collect$$rtentry$$00000004)
    __rt_entry_li                            0x080001b3   Thumb Code     0  __rtentry2.o(.ARM.Collect$$rtentry$$0000000A)
    __rt_entry_postsh_1                      0x080001b3   Thumb Code     0  __rtentry2.o(.ARM.Collect$$rtentry$$00000009)
    __rt_entry_main                          0x080001b7   Thumb Code     0  __rtentry2.o(.ARM.Collect$$rtentry$$0000000D)
    __rt_entry_postli_1                      0x080001b7   Thumb Code     0  __rtentry2.o(.ARM.Collect$$rtentry$$0000000C)
    __rt_exit                                0x080001bf   Thumb Code     0  rtexit.o(.ARM.Collect$$rtexit$$00000000)
    __rt_exit_ls                             0x080001c1   Thumb Code     0  rtexit2.o(.ARM.Collect$$rtexit$$00000003)
    __rt_exit_prels_1                        0x080001c1   Thumb Code     0  rtexit2.o(.ARM.Collect$$rtexit$$00000002)
    __rt_exit_exit                           0x080001c5   Thumb Code     0  rtexit2.o(.ARM.Collect$$rtexit$$00000004)
    Reset_Handler                            0x080001cd   Thumb Code     8  startup_stm32f10x_hd.o(.text)
    ADC1_2_IRQHandler                        0x080001e7   Thumb Code     0  startup_stm32f10x_hd.o(.text)
    ADC3_IRQHandler                          0x080001e7   Thumb Code     0  startup_stm32f10x_hd.o(.text)
    CAN1_RX1_IRQHandler                      0x080001e7   Thumb Code     0  startup_stm32f10x_hd.o(.text)
    CAN1_SCE_IRQHandler                      0x080001e7   Thumb Code     0  startup_stm32f10x_hd.o(.text)
    DMA1_Channel1_IRQHandler                 0x080001e7   Thumb Code     0  startup_stm32f10x_hd.o(.text)
    DMA1_Channel2_IRQHandler                 0x080001e7   Thumb Code     0  startup_stm32f10x_hd.o(.text)
    DMA1_Channel3_IRQHandler                 0x080001e7   Thumb Code     0  startup_stm32f10x_hd.o(.text)
    DMA1_Channel4_IRQHandler                 0x080001e7   Thumb Code     0  startup_stm32f10x_hd.o(.text)
    DMA1_Channel5_IRQHandler                 0x080001e7   Thumb Code     0  startup_stm32f10x_hd.o(.text)
    DMA1_Channel6_IRQHandler                 0x080001e7   Thumb Code     0  startup_stm32f10x_hd.o(.text)
    DMA1_Channel7_IRQHandler                 0x080001e7   Thumb Code     0  startup_stm32f10x_hd.o(.text)
    DMA2_Channel1_IRQHandler                 0x080001e7   Thumb Code     0  startup_stm32f10x_hd.o(.text)
    DMA2_Channel2_IRQHandler                 0x080001e7   Thumb Code     0  startup_stm32f10x_hd.o(.text)
    DMA2_Channel3_IRQHandler                 0x080001e7   Thumb Code     0  startup_stm32f10x_hd.o(.text)
    DMA2_Channel4_5_IRQHandler               0x080001e7   Thumb Code     0  startup_stm32f10x_hd.o(.text)
    EXTI0_IRQHandler                         0x080001e7   Thumb Code     0  startup_stm32f10x_hd.o(.text)
    EXTI15_10_IRQHandler                     0x080001e7   Thumb Code     0  startup_stm32f10x_hd.o(.text)
    EXTI1_IRQHandler                         0x080001e7   Thumb Code     0  startup_stm32f10x_hd.o(.text)
    EXTI2_IRQHandler                         0x080001e7   Thumb Code     0  startup_stm32f10x_hd.o(.text)
    EXTI3_IRQHandler                         0x080001e7   Thumb Code     0  startup_stm32f10x_hd.o(.text)
    EXTI4_IRQHandler                         0x080001e7   Thumb Code     0  startup_stm32f10x_hd.o(.text)
    FLASH_IRQHandler                         0x080001e7   Thumb Code     0  startup_stm32f10x_hd.o(.text)
    FSMC_IRQHandler                          0x080001e7   Thumb Code     0  startup_stm32f10x_hd.o(.text)
    I2C1_ER_IRQHandler                       0x080001e7   Thumb Code     0  startup_stm32f10x_hd.o(.text)
    I2C1_EV_IRQHandler                       0x080001e7   Thumb Code     0  startup_stm32f10x_hd.o(.text)
    I2C2_ER_IRQHandler                       0x080001e7   Thumb Code     0  startup_stm32f10x_hd.o(.text)
    I2C2_EV_IRQHandler                       0x080001e7   Thumb Code     0  startup_stm32f10x_hd.o(.text)
    PVD_IRQHandler                           0x080001e7   Thumb Code     0  startup_stm32f10x_hd.o(.text)
    RCC_IRQHandler                           0x080001e7   Thumb Code     0  startup_stm32f10x_hd.o(.text)
    RTCAlarm_IRQHandler                      0x080001e7   Thumb Code     0  startup_stm32f10x_hd.o(.text)
    RTC_IRQHandler                           0x080001e7   Thumb Code     0  startup_stm32f10x_hd.o(.text)
    SDIO_IRQHandler                          0x080001e7   Thumb Code     0  startup_stm32f10x_hd.o(.text)
    SPI1_IRQHandler                          0x080001e7   Thumb Code     0  startup_stm32f10x_hd.o(.text)
    SPI2_IRQHandler                          0x080001e7   Thumb Code     0  startup_stm32f10x_hd.o(.text)
    SPI3_IRQHandler                          0x080001e7   Thumb Code     0  startup_stm32f10x_hd.o(.text)
    TAMPER_IRQHandler                        0x080001e7   Thumb Code     0  startup_stm32f10x_hd.o(.text)
    TIM1_BRK_IRQHandler                      0x080001e7   Thumb Code     0  startup_stm32f10x_hd.o(.text)
    TIM1_CC_IRQHandler                       0x080001e7   Thumb Code     0  startup_stm32f10x_hd.o(.text)
    TIM1_TRG_COM_IRQHandler                  0x080001e7   Thumb Code     0  startup_stm32f10x_hd.o(.text)
    TIM1_UP_IRQHandler                       0x080001e7   Thumb Code     0  startup_stm32f10x_hd.o(.text)
    TIM2_IRQHandler                          0x080001e7   Thumb Code     0  startup_stm32f10x_hd.o(.text)
    TIM4_IRQHandler                          0x080001e7   Thumb Code     0  startup_stm32f10x_hd.o(.text)
    TIM5_IRQHandler                          0x080001e7   Thumb Code     0  startup_stm32f10x_hd.o(.text)
    TIM6_IRQHandler                          0x080001e7   Thumb Code     0  startup_stm32f10x_hd.o(.text)
    TIM7_IRQHandler                          0x080001e7   Thumb Code     0  startup_stm32f10x_hd.o(.text)
    TIM8_BRK_IRQHandler                      0x080001e7   Thumb Code     0  startup_stm32f10x_hd.o(.text)
    TIM8_CC_IRQHandler                       0x080001e7   Thumb Code     0  startup_stm32f10x_hd.o(.text)
    TIM8_TRG_COM_IRQHandler                  0x080001e7   Thumb Code     0  startup_stm32f10x_hd.o(.text)
    TIM8_UP_IRQHandler                       0x080001e7   Thumb Code     0  startup_stm32f10x_hd.o(.text)
    UART4_IRQHandler                         0x080001e7   Thumb Code     0  startup_stm32f10x_hd.o(.text)
    UART5_IRQHandler                         0x080001e7   Thumb Code     0  startup_stm32f10x_hd.o(.text)
    USART3_IRQHandler                        0x080001e7   Thumb Code     0  startup_stm32f10x_hd.o(.text)
    USBWakeUp_IRQHandler                     0x080001e7   Thumb Code     0  startup_stm32f10x_hd.o(.text)
    USB_HP_CAN1_TX_IRQHandler                0x080001e7   Thumb Code     0  startup_stm32f10x_hd.o(.text)
    USB_LP_CAN1_RX0_IRQHandler               0x080001e7   Thumb Code     0  startup_stm32f10x_hd.o(.text)
    WWDG_IRQHandler                          0x080001e7   Thumb Code     0  startup_stm32f10x_hd.o(.text)
    __user_initial_stackheap                 0x080001e9   Thumb Code     0  startup_stm32f10x_hd.o(.text)
    strchr                                   0x0800020d   Thumb Code    20  strchr.o(.text)
    strstr                                   0x08000221   Thumb Code    36  strstr.o(.text)
    strrchr                                  0x08000245   Thumb Code    22  strrchr.o(.text)
    strcat                                   0x0800025b   Thumb Code    24  strcat.o(.text)
    __aeabi_memclr4                          0x08000273   Thumb Code     0  rt_memclr_w.o(.text)
    __aeabi_memclr8                          0x08000273   Thumb Code     0  rt_memclr_w.o(.text)
    __rt_memclr_w                            0x08000273   Thumb Code    78  rt_memclr_w.o(.text)
    _memset_w                                0x08000277   Thumb Code     0  rt_memclr_w.o(.text)
    __use_two_region_memory                  0x080002c1   Thumb Code     2  heapauxi.o(.text)
    __rt_heap_escrow$2region                 0x080002c3   Thumb Code     2  heapauxi.o(.text)
    __rt_heap_expand$2region                 0x080002c5   Thumb Code     2  heapauxi.o(.text)
    __user_setup_stackheap                   0x080002c7   Thumb Code    74  sys_stackheap_outer.o(.text)
    exit                                     0x08000311   Thumb Code    18  exit.o(.text)
    __user_libspace                          0x08000325   Thumb Code     8  libspace.o(.text)
    __user_perproc_libspace                  0x08000325   Thumb Code     0  libspace.o(.text)
    __user_perthread_libspace                0x08000325   Thumb Code     0  libspace.o(.text)
    _sys_exit                                0x0800032d   Thumb Code     8  sys_exit.o(.text)
    __I$use$semihosting                      0x08000339   Thumb Code     0  use_no_semi.o(.text)
    __use_no_semihosting_swi                 0x08000339   Thumb Code     2  use_no_semi.o(.text)
    __semihosting_library_function           0x0800033b   Thumb Code     0  indicate_semi.o(.text)
    ADC1_Config                              0x0800033d   Thumb Code    40  adc.o(i.ADC1_Config)
    ADC1_DMA_Init                            0x08000369   Thumb Code    92  adc.o(i.ADC1_DMA_Init)
    ADC1_GPIO_Init                           0x080003d5   Thumb Code    24  adc.o(i.ADC1_GPIO_Init)
    ADC1_Init                                0x080003f1   Thumb Code   194  adc.o(i.ADC1_Init)
    ADC_Cmd                                  0x080004c1   Thumb Code    22  stm32f10x_adc.o(i.ADC_Cmd)
    ADC_Conversion                           0x080004d9   Thumb Code   148  adc.o(i.ADC_Conversion)
    ADC_DMACmd                               0x0800057d   Thumb Code    22  stm32f10x_adc.o(i.ADC_DMACmd)
    ADC_Data_Process                         0x08000595   Thumb Code   242  adc.o(i.ADC_Data_Process)
    ADC_DeInit                               0x080006ad   Thumb Code    78  stm32f10x_adc.o(i.ADC_DeInit)
    ADC_GetCalibrationStatus                 0x08000709   Thumb Code    20  stm32f10x_adc.o(i.ADC_GetCalibrationStatus)
    ADC_GetResetCalibrationStatus            0x0800071d   Thumb Code    20  stm32f10x_adc.o(i.ADC_GetResetCalibrationStatus)
    ADC_Init                                 0x08000731   Thumb Code    70  stm32f10x_adc.o(i.ADC_Init)
    ADC_RegularChannelConfig                 0x08000781   Thumb Code   184  stm32f10x_adc.o(i.ADC_RegularChannelConfig)
    ADC_ResetCalibration                     0x08000839   Thumb Code    10  stm32f10x_adc.o(i.ADC_ResetCalibration)
    ADC_SoftwareStartConvCmd                 0x08000843   Thumb Code    22  stm32f10x_adc.o(i.ADC_SoftwareStartConvCmd)
    ADC_StartCalibration                     0x08000859   Thumb Code    10  stm32f10x_adc.o(i.ADC_StartCalibration)
    BusFault_Handler                         0x08000863   Thumb Code     4  stm32f10x_it.o(i.BusFault_Handler)
    Control_PWN                              0x08000869   Thumb Code   134  measure.o(i.Control_PWN)
    DMA_ClearFlag                            0x080008f5   Thumb Code    18  stm32f10x_dma.o(i.DMA_ClearFlag)
    DMA_Cmd                                  0x08000911   Thumb Code    24  stm32f10x_dma.o(i.DMA_Cmd)
    DMA_DeInit                               0x08000929   Thumb Code   324  stm32f10x_dma.o(i.DMA_DeInit)
    DMA_GetCurrDataCounter                   0x08000a75   Thumb Code     8  stm32f10x_dma.o(i.DMA_GetCurrDataCounter)
    DMA_Init                                 0x08000a7d   Thumb Code    60  stm32f10x_dma.o(i.DMA_Init)
    Data_Conversion                          0x08000ab9   Thumb Code   132  measure.o(i.Data_Conversion)
    DebugMon_Handler                         0x08000b3d   Thumb Code     2  stm32f10x_it.o(i.DebugMon_Handler)
    Delay_Nms                                0x08000b41   Thumb Code    40  delay.o(i.Delay_Nms)
    Delay_Nus                                0x08000b71   Thumb Code    40  delay.o(i.Delay_Nus)
    EXTI9_5_IRQHandler                       0x08000b9d   Thumb Code   136  key.o(i.EXTI9_5_IRQHandler)
    EXTI_ClearFlag                           0x08000c2d   Thumb Code     6  stm32f10x_exti.o(i.EXTI_ClearFlag)
    EXTI_GetITStatus                         0x08000c39   Thumb Code    34  stm32f10x_exti.o(i.EXTI_GetITStatus)
    EXTI_Init                                0x08000c61   Thumb Code   142  stm32f10x_exti.o(i.EXTI_Init)
    GET_Message                              0x08000cf5   Thumb Code    40  usart2.o(i.GET_Message)
    GPIOABC_Init                             0x08000d31   Thumb Code    12  nvic.o(i.GPIOABC_Init)
    GPIO_EXTILineConfig                      0x08000d3d   Thumb Code    60  stm32f10x_gpio.o(i.GPIO_EXTILineConfig)
    GPIO_Init                                0x08000d7d   Thumb Code   278  stm32f10x_gpio.o(i.GPIO_Init)
    GPIO_PinRemapConfig                      0x08000e95   Thumb Code   138  stm32f10x_gpio.o(i.GPIO_PinRemapConfig)
    GPIO_ResetBits                           0x08000f25   Thumb Code     4  stm32f10x_gpio.o(i.GPIO_ResetBits)
    GPIO_SetBits                             0x08000f29   Thumb Code     4  stm32f10x_gpio.o(i.GPIO_SetBits)
    GPS_GSM_Init                             0x08000f2d   Thumb Code    84  usart2.o(i.GPS_GSM_Init)
    GPS_Pr                                   0x08000fd1   Thumb Code   120  usart2.o(i.GPS_Pr)
    GSM_Pr                                   0x08001069   Thumb Code   102  usart2.o(i.GSM_Pr)
    Get_Location_Data                        0x08001105   Thumb Code    30  usart2.o(i.Get_Location_Data)
    Get_Phone_Number                         0x08001145   Thumb Code    36  usart1.o(i.Get_Phone_Number)
    HardFault_Handler                        0x08001171   Thumb Code     4  stm32f10x_it.o(i.HardFault_Handler)
    Key_Init                                 0x08001175   Thumb Code   128  key.o(i.Key_Init)
    LED_Init                                 0x080011f9   Thumb Code    98  key.o(i.LED_Init)
    MEASURE_Mode                             0x08001261   Thumb Code   198  mode.o(i.MEASURE_Mode)
    MOTO_Forward                             0x08001375   Thumb Code    76  moto.o(i.MOTO_Forward)
    MOTO_Init                                0x080013cd   Thumb Code    54  moto.o(i.MOTO_Init)
    MOTO_Reverse                             0x0800140d   Thumb Code    76  moto.o(i.MOTO_Reverse)
    Measure                                  0x08001465   Thumb Code    26  measure.o(i.Measure)
    Measure_Data                             0x08001481   Thumb Code   272  measure.o(i.Measure_Data)
    Measure_Init                             0x080015b1   Thumb Code    74  measure.o(i.Measure_Init)
    MemManage_Handler                        0x08001601   Thumb Code     4  stm32f10x_it.o(i.MemManage_Handler)
    Message_Action                           0x08001605   Thumb Code    68  usart2.o(i.Message_Action)
    Mode_Init                                0x08001669   Thumb Code    34  mode.o(i.Mode_Init)
    NMI_Handler                              0x080016a1   Thumb Code     2  stm32f10x_it.o(i.NMI_Handler)
    NVIC_Init                                0x080016a5   Thumb Code   100  misc.o(i.NVIC_Init)
    NVIC_PriorityGroupConfig                 0x08001715   Thumb Code    10  misc.o(i.NVIC_PriorityGroupConfig)
    PWM_BL                                   0x08001729   Thumb Code    44  pwm.o(i.PWM_BL)
    PWM_Left_B                               0x08001755   Thumb Code    42  pwm.o(i.PWM_Left_B)
    PWM_Left_BL                              0x08001785   Thumb Code    40  pwm.o(i.PWM_Left_BL)
    PWM_Left_C                               0x080017ad   Thumb Code    42  pwm.o(i.PWM_Left_C)
    PWM_NVIC_Config                          0x080017dd   Thumb Code    34  pwm.o(i.PWM_NVIC_Config)
    PWM_Right_B                              0x08001801   Thumb Code    42  pwm.o(i.PWM_Right_B)
    PWM_Right_BL                             0x08001831   Thumb Code    40  pwm.o(i.PWM_Right_BL)
    PWM_Right_C                              0x08001859   Thumb Code    42  pwm.o(i.PWM_Right_C)
    PWM_Start                                0x08001889   Thumb Code    48  pwm.o(i.PWM_Start)
    PWM_Stop                                 0x080018c1   Thumb Code    48  pwm.o(i.PWM_Stop)
    PendSV_Handler                           0x080018f5   Thumb Code     2  stm32f10x_it.o(i.PendSV_Handler)
    Pwm_Init                                 0x080018f9   Thumb Code   206  pwm.o(i.Pwm_Init)
    RCC_ADCCLKConfig                         0x080019d1   Thumb Code    18  stm32f10x_rcc.o(i.RCC_ADCCLKConfig)
    RCC_AHBPeriphClockCmd                    0x080019e9   Thumb Code    26  stm32f10x_rcc.o(i.RCC_AHBPeriphClockCmd)
    RCC_APB1PeriphClockCmd                   0x08001a09   Thumb Code    26  stm32f10x_rcc.o(i.RCC_APB1PeriphClockCmd)
    RCC_APB2PeriphClockCmd                   0x08001a29   Thumb Code    26  stm32f10x_rcc.o(i.RCC_APB2PeriphClockCmd)
    RCC_APB2PeriphResetCmd                   0x08001a49   Thumb Code    26  stm32f10x_rcc.o(i.RCC_APB2PeriphResetCmd)
    RCC_GetClocksFreq                        0x08001a69   Thumb Code   192  stm32f10x_rcc.o(i.RCC_GetClocksFreq)
    SVC_Handler                              0x08001b3d   Thumb Code     2  stm32f10x_it.o(i.SVC_Handler)
    Send_Message                             0x08001b41   Thumb Code   100  usart2.o(i.Send_Message)
    Set_PWM                                  0x08001cb5   Thumb Code    26  pwm.o(i.Set_PWM)
    SysTick_CLKSourceConfig                  0x08001ccf   Thumb Code    40  misc.o(i.SysTick_CLKSourceConfig)
    SysTick_Configuration                    0x08001cf7   Thumb Code    22  delay.o(i.SysTick_Configuration)
    SysTick_Handler                          0x08001d0d   Thumb Code    12  delay.o(i.SysTick_Handler)
    SystemInit                               0x08001d1d   Thumb Code    78  system_stm32f10x.o(i.SystemInit)
    T3_GET_Time                              0x08001d7d   Thumb Code    40  time3.o(i.T3_GET_Time)
    TIM3_IRQHandler                          0x08001db1   Thumb Code    36  time3.o(i.TIM3_IRQHandler)
    TIM_ARRPreloadConfig                     0x08001ddd   Thumb Code    24  stm32f10x_tim.o(i.TIM_ARRPreloadConfig)
    TIM_ClearFlag                            0x08001df5   Thumb Code     6  stm32f10x_tim.o(i.TIM_ClearFlag)
    TIM_ClearITPendingBit                    0x08001dfb   Thumb Code     6  stm32f10x_tim.o(i.TIM_ClearITPendingBit)
    TIM_Cmd                                  0x08001e01   Thumb Code    24  stm32f10x_tim.o(i.TIM_Cmd)
    TIM_GetCounter                           0x08001e19   Thumb Code     6  stm32f10x_tim.o(i.TIM_GetCounter)
    TIM_GetITStatus                          0x08001e1f   Thumb Code    34  stm32f10x_tim.o(i.TIM_GetITStatus)
    TIM_ITConfig                             0x08001e41   Thumb Code    18  stm32f10x_tim.o(i.TIM_ITConfig)
    TIM_OC1Init                              0x08001e55   Thumb Code   132  stm32f10x_tim.o(i.TIM_OC1Init)
    TIM_OC1PreloadConfig                     0x08001eed   Thumb Code    18  stm32f10x_tim.o(i.TIM_OC1PreloadConfig)
    TIM_OC2Init                              0x08001f01   Thumb Code   154  stm32f10x_tim.o(i.TIM_OC2Init)
    TIM_OC2PreloadConfig                     0x08001fa5   Thumb Code    26  stm32f10x_tim.o(i.TIM_OC2PreloadConfig)
    TIM_SetCompare1                          0x08001fbf   Thumb Code     4  stm32f10x_tim.o(i.TIM_SetCompare1)
    TIM_SetCompare2                          0x08001fc3   Thumb Code     4  stm32f10x_tim.o(i.TIM_SetCompare2)
    TIM_TimeBaseInit                         0x08001fc9   Thumb Code   122  stm32f10x_tim.o(i.TIM_TimeBaseInit)
    Time3_Config                             0x0800206d   Thumb Code    94  time3.o(i.Time3_Config)
    UART1_Configuration                      0x080020d1   Thumb Code    96  usart1.o(i.UART1_Configuration)
    UART1_DMA_Configuration                  0x08002135   Thumb Code    72  usart1.o(i.UART1_DMA_Configuration)
    UART1_GPIO_Configuration                 0x08002189   Thumb Code    54  usart1.o(i.UART1_GPIO_Configuration)
    UART1_RCC_Configuration                  0x080021c5   Thumb Code    20  usart1.o(i.UART1_RCC_Configuration)
    UART2_Configuration                      0x080021d9   Thumb Code    96  usart2.o(i.UART2_Configuration)
    USART1_IRQHandler                        0x0800223d   Thumb Code   190  usart1.o(i.USART1_IRQHandler)
    USART1_Init                              0x08002309   Thumb Code    24  usart1.o(i.USART1_Init)
    USART1_NVIC_Configuration                0x08002321   Thumb Code    34  usart1.o(i.USART1_NVIC_Configuration)
    USART1_Pr                                0x08002345   Thumb Code   244  usart1.o(i.USART1_Pr)
    USART1_SendString                        0x0800246d   Thumb Code    64  usart1.o(i.USART1_SendString)
    USART2_GPIO_Configuration                0x080024b1   Thumb Code    50  usart2.o(i.USART2_GPIO_Configuration)
    USART2_IRQHandler                        0x080024e9   Thumb Code   206  usart2.o(i.USART2_IRQHandler)
    USART2_Init                              0x080025c5   Thumb Code    30  usart2.o(i.USART2_Init)
    USART2_NVIC_Configuration                0x080025ed   Thumb Code    32  usart2.o(i.USART2_NVIC_Configuration)
    USART2_Pr                                0x0800260d   Thumb Code    56  usart2.o(i.USART2_Pr)
    USART2_RCC_Configuration                 0x08002671   Thumb Code    12  usart2.o(i.USART2_RCC_Configuration)
    USART2_SendString                        0x0800267d   Thumb Code    64  usart2.o(i.USART2_SendString)
    USART_ClearFlag                          0x080026c1   Thumb Code    18  stm32f10x_usart.o(i.USART_ClearFlag)
    USART_ClearITPendingBit                  0x080026d3   Thumb Code    30  stm32f10x_usart.o(i.USART_ClearITPendingBit)
    USART_Cmd                                0x080026f1   Thumb Code    24  stm32f10x_usart.o(i.USART_Cmd)
    USART_DMACmd                             0x08002709   Thumb Code    18  stm32f10x_usart.o(i.USART_DMACmd)
    USART_GetFlagStatus                      0x0800271b   Thumb Code    26  stm32f10x_usart.o(i.USART_GetFlagStatus)
    USART_GetITStatus                        0x08002735   Thumb Code    84  stm32f10x_usart.o(i.USART_GetITStatus)
    USART_ITConfig                           0x08002789   Thumb Code    74  stm32f10x_usart.o(i.USART_ITConfig)
    USART_Init                               0x080027d5   Thumb Code   210  stm32f10x_usart.o(i.USART_Init)
    USART_ReceiveData                        0x080028ad   Thumb Code    10  stm32f10x_usart.o(i.USART_ReceiveData)
    USART_SendData                           0x080028b7   Thumb Code     8  stm32f10x_usart.o(i.USART_SendData)
    UsageFault_Handler                       0x080028bf   Thumb Code     4  stm32f10x_it.o(i.UsageFault_Handler)
    main                                     0x080028c5   Thumb Code   102  main.o(i.main)
    set_PriorityGroup                        0x08002939   Thumb Code    12  nvic.o(i.set_PriorityGroup)
    __aeabi_d2f                              0x08002945   Thumb Code     0  d2f.o(x$fpl$d2f)
    _d2f                                     0x08002945   Thumb Code    98  d2f.o(x$fpl$d2f)
    __aeabi_ddiv                             0x080029a9   Thumb Code     0  ddiv.o(x$fpl$ddiv)
    _ddiv                                    0x080029a9   Thumb Code   552  ddiv.o(x$fpl$ddiv)
    __aeabi_d2iz                             0x08002c59   Thumb Code     0  dfix.o(x$fpl$dfix)
    _dfix                                    0x08002c59   Thumb Code    94  dfix.o(x$fpl$dfix)
    __aeabi_i2d                              0x08002cb7   Thumb Code     0  dflt_clz.o(x$fpl$dflt)
    _dflt                                    0x08002cb7   Thumb Code    46  dflt_clz.o(x$fpl$dflt)
    __aeabi_ui2d                             0x08002ce5   Thumb Code     0  dflt_clz.o(x$fpl$dfltu)
    _dfltu                                   0x08002ce5   Thumb Code    38  dflt_clz.o(x$fpl$dfltu)
    __aeabi_dmul                             0x08002d0d   Thumb Code     0  dmul.o(x$fpl$dmul)
    _dmul                                    0x08002d0d   Thumb Code   332  dmul.o(x$fpl$dmul)
    __fpl_dnaninf                            0x08002e61   Thumb Code   156  dnaninf.o(x$fpl$dnaninf)
    __fpl_dretinf                            0x08002efd   Thumb Code    12  dretinf.o(x$fpl$dretinf)
    __aeabi_fdiv                             0x08002f09   Thumb Code     0  fdiv.o(x$fpl$fdiv)
    _fdiv                                    0x08002f09   Thumb Code   384  fdiv.o(x$fpl$fdiv)
    __aeabi_f2iz                             0x0800308d   Thumb Code     0  ffix.o(x$fpl$ffix)
    _ffix                                    0x0800308d   Thumb Code    54  ffix.o(x$fpl$ffix)
    __fpl_fnaninf                            0x080030c3   Thumb Code   140  fnaninf.o(x$fpl$fnaninf)
    __fpl_fretinf                            0x0800314f   Thumb Code    10  fretinf.o(x$fpl$fretinf)
    __I$use$fp                               0x08003158   Number         0  usenofp.o(x$fpl$usenofp)
    table_1                                  0x08003158   Data           8  moto.o(.constdata)
    table_2                                  0x08003160   Data           8  moto.o(.constdata)
    Region$$Table$$Base                      0x08003168   Number         0  anon$$obj.o(Region$$Table)
    Region$$Table$$Limit                     0x08003188   Number         0  anon$$obj.o(Region$$Table)
    TimingDelay                              0x20000014   Data           4  delay.o(.data)
    overflow                                 0x20000018   Data           1  measure.o(.data)
    pwm                                      0x2000001c   Data           4  pwm.o(.data)
    MOTO_Number                              0x20000020   Data           1  moto.o(.data)
    Phone_Number                             0x20000021   Data          13  usart1.o(.data)
    RX_Length                                0x2000002e   Data           2  usart2.o(.data)
    Message_Flag                             0x20000030   Data           1  usart2.o(.data)
    MS_ID                                    0x20000031   Data           4  usart2.o(.data)
    Mode                                     0x20000035   Data           1  mode.o(.data)
    Meacure_Test                             0x20000036   Data           1  mode.o(.data)
    ADC_Mode                                 0x20000037   Data           1  mode.o(.data)
    MOTO_Mode                                0x20000038   Data           1  mode.o(.data)
    ADC_Number                               0x20000039   Data           1  adc.o(.data)
    distance                                 0x2000003c   Data          24  measure.o(.bss)
    GPS_Data                                 0x20000194   Data          30  usart2.o(.bss)
    ADC_Value                                0x200001b2   Data          48  adc.o(.bss)
    ADC_CData                                0x200001e2   Data          28  adc.o(.bss)
    __libspace_start                         0x20000200   Data          96  libspace.o(.bss)
    __temporary_stack_top$libspace           0x20000260   Data           0  libspace.o(.bss)



==============================================================================

Memory Map of the image

  Image Entry point : 0x08000131

  Load Region LR_IROM1 (Base: 0x08000000, Size: 0x000031c4, Max: 0x00040000, ABSOLUTE)

    Execution Region ER_IROM1 (Base: 0x08000000, Size: 0x00003188, Max: 0x00040000, ABSOLUTE)

    Base Addr    Size         Type   Attr      Idx    E Section Name        Object

    0x08000000   0x00000130   Data   RO           87    RESET               startup_stm32f10x_hd.o
    0x08000130   0x00000008   Code   RO         2198  * !!!main             c_w.l(__main.o)
    0x08000138   0x00000034   Code   RO         2390    !!!scatter          c_w.l(__scatter.o)
    0x0800016c   0x0000001a   Code   RO         2392    !!handler_copy      c_w.l(__scatter_copy.o)
    0x08000186   0x00000002   PAD
    0x08000188   0x0000001c   Code   RO         2394    !!handler_zi        c_w.l(__scatter_zi.o)
    0x080001a4   0x00000002   Code   RO         2260    .ARM.Collect$$libinit$$00000000  c_w.l(libinit.o)
    0x080001a6   0x00000000   Code   RO         2267    .ARM.Collect$$libinit$$00000002  c_w.l(libinit2.o)
    0x080001a6   0x00000000   Code   RO         2269    .ARM.Collect$$libinit$$00000004  c_w.l(libinit2.o)
    0x080001a6   0x00000000   Code   RO         2272    .ARM.Collect$$libinit$$0000000A  c_w.l(libinit2.o)
    0x080001a6   0x00000000   Code   RO         2274    .ARM.Collect$$libinit$$0000000C  c_w.l(libinit2.o)
    0x080001a6   0x00000000   Code   RO         2276    .ARM.Collect$$libinit$$0000000E  c_w.l(libinit2.o)
    0x080001a6   0x00000000   Code   RO         2279    .ARM.Collect$$libinit$$00000011  c_w.l(libinit2.o)
    0x080001a6   0x00000000   Code   RO         2281    .ARM.Collect$$libinit$$00000013  c_w.l(libinit2.o)
    0x080001a6   0x00000000   Code   RO         2283    .ARM.Collect$$libinit$$00000015  c_w.l(libinit2.o)
    0x080001a6   0x00000000   Code   RO         2285    .ARM.Collect$$libinit$$00000017  c_w.l(libinit2.o)
    0x080001a6   0x00000000   Code   RO         2287    .ARM.Collect$$libinit$$00000019  c_w.l(libinit2.o)
    0x080001a6   0x00000000   Code   RO         2289    .ARM.Collect$$libinit$$0000001B  c_w.l(libinit2.o)
    0x080001a6   0x00000000   Code   RO         2291    .ARM.Collect$$libinit$$0000001D  c_w.l(libinit2.o)
    0x080001a6   0x00000000   Code   RO         2293    .ARM.Collect$$libinit$$0000001F  c_w.l(libinit2.o)
    0x080001a6   0x00000000   Code   RO         2295    .ARM.Collect$$libinit$$00000021  c_w.l(libinit2.o)
    0x080001a6   0x00000000   Code   RO         2297    .ARM.Collect$$libinit$$00000023  c_w.l(libinit2.o)
    0x080001a6   0x00000000   Code   RO         2299    .ARM.Collect$$libinit$$00000025  c_w.l(libinit2.o)
    0x080001a6   0x00000000   Code   RO         2303    .ARM.Collect$$libinit$$0000002C  c_w.l(libinit2.o)
    0x080001a6   0x00000000   Code   RO         2305    .ARM.Collect$$libinit$$0000002E  c_w.l(libinit2.o)
    0x080001a6   0x00000000   Code   RO         2307    .ARM.Collect$$libinit$$00000030  c_w.l(libinit2.o)
    0x080001a6   0x00000000   Code   RO         2309    .ARM.Collect$$libinit$$00000032  c_w.l(libinit2.o)
    0x080001a6   0x00000002   Code   RO         2310    .ARM.Collect$$libinit$$00000033  c_w.l(libinit2.o)
    0x080001a8   0x00000002   Code   RO         2330    .ARM.Collect$$libshutdown$$00000000  c_w.l(libshutdown.o)
    0x080001aa   0x00000000   Code   RO         2343    .ARM.Collect$$libshutdown$$00000002  c_w.l(libshutdown2.o)
    0x080001aa   0x00000000   Code   RO         2345    .ARM.Collect$$libshutdown$$00000004  c_w.l(libshutdown2.o)
    0x080001aa   0x00000000   Code   RO         2348    .ARM.Collect$$libshutdown$$00000007  c_w.l(libshutdown2.o)
    0x080001aa   0x00000000   Code   RO         2351    .ARM.Collect$$libshutdown$$0000000A  c_w.l(libshutdown2.o)
    0x080001aa   0x00000000   Code   RO         2353    .ARM.Collect$$libshutdown$$0000000C  c_w.l(libshutdown2.o)
    0x080001aa   0x00000000   Code   RO         2356    .ARM.Collect$$libshutdown$$0000000F  c_w.l(libshutdown2.o)
    0x080001aa   0x00000002   Code   RO         2357    .ARM.Collect$$libshutdown$$00000010  c_w.l(libshutdown2.o)
    0x080001ac   0x00000000   Code   RO         2226    .ARM.Collect$$rtentry$$00000000  c_w.l(__rtentry.o)
    0x080001ac   0x00000000   Code   RO         2237    .ARM.Collect$$rtentry$$00000002  c_w.l(__rtentry2.o)
    0x080001ac   0x00000006   Code   RO         2249    .ARM.Collect$$rtentry$$00000004  c_w.l(__rtentry4.o)
    0x080001b2   0x00000000   Code   RO         2239    .ARM.Collect$$rtentry$$00000009  c_w.l(__rtentry2.o)
    0x080001b2   0x00000004   Code   RO         2240    .ARM.Collect$$rtentry$$0000000A  c_w.l(__rtentry2.o)
    0x080001b6   0x00000000   Code   RO         2242    .ARM.Collect$$rtentry$$0000000C  c_w.l(__rtentry2.o)
    0x080001b6   0x00000008   Code   RO         2243    .ARM.Collect$$rtentry$$0000000D  c_w.l(__rtentry2.o)
    0x080001be   0x00000002   Code   RO         2264    .ARM.Collect$$rtexit$$00000000  c_w.l(rtexit.o)
    0x080001c0   0x00000000   Code   RO         2312    .ARM.Collect$$rtexit$$00000002  c_w.l(rtexit2.o)
    0x080001c0   0x00000004   Code   RO         2313    .ARM.Collect$$rtexit$$00000003  c_w.l(rtexit2.o)
    0x080001c4   0x00000006   Code   RO         2314    .ARM.Collect$$rtexit$$00000004  c_w.l(rtexit2.o)
    0x080001ca   0x00000002   PAD
    0x080001cc   0x00000040   Code   RO           88    .text               startup_stm32f10x_hd.o
    0x0800020c   0x00000014   Code   RO         2186    .text               c_w.l(strchr.o)
    0x08000220   0x00000024   Code   RO         2188    .text               c_w.l(strstr.o)
    0x08000244   0x00000016   Code   RO         2190    .text               c_w.l(strrchr.o)
    0x0800025a   0x00000018   Code   RO         2192    .text               c_w.l(strcat.o)
    0x08000272   0x0000004e   Code   RO         2194    .text               c_w.l(rt_memclr_w.o)
    0x080002c0   0x00000006   Code   RO         2196    .text               c_w.l(heapauxi.o)
    0x080002c6   0x0000004a   Code   RO         2251    .text               c_w.l(sys_stackheap_outer.o)
    0x08000310   0x00000012   Code   RO         2253    .text               c_w.l(exit.o)
    0x08000322   0x00000002   PAD
    0x08000324   0x00000008   Code   RO         2261    .text               c_w.l(libspace.o)
    0x0800032c   0x0000000c   Code   RO         2322    .text               c_w.l(sys_exit.o)
    0x08000338   0x00000002   Code   RO         2333    .text               c_w.l(use_no_semi.o)
    0x0800033a   0x00000000   Code   RO         2335    .text               c_w.l(indicate_semi.o)
    0x0800033a   0x00000002   PAD
    0x0800033c   0x0000002c   Code   RO         2086    i.ADC1_Config       adc.o
    0x08000368   0x0000006c   Code   RO         2087    i.ADC1_DMA_Init     adc.o
    0x080003d4   0x0000001c   Code   RO         2088    i.ADC1_GPIO_Init    adc.o
    0x080003f0   0x000000d0   Code   RO         2089    i.ADC1_Init         adc.o
    0x080004c0   0x00000016   Code   RO          138    i.ADC_Cmd           stm32f10x_adc.o
    0x080004d6   0x00000002   PAD
    0x080004d8   0x000000a4   Code   RO         2091    i.ADC_Conversion    adc.o
    0x0800057c   0x00000016   Code   RO          139    i.ADC_DMACmd        stm32f10x_adc.o
    0x08000592   0x00000002   PAD
    0x08000594   0x00000118   Code   RO         2092    i.ADC_Data_Process  adc.o
    0x080006ac   0x0000005c   Code   RO          140    i.ADC_DeInit        stm32f10x_adc.o
    0x08000708   0x00000014   Code   RO          146    i.ADC_GetCalibrationStatus  stm32f10x_adc.o
    0x0800071c   0x00000014   Code   RO          152    i.ADC_GetResetCalibrationStatus  stm32f10x_adc.o
    0x08000730   0x00000050   Code   RO          156    i.ADC_Init          stm32f10x_adc.o
    0x08000780   0x000000b8   Code   RO          160    i.ADC_RegularChannelConfig  stm32f10x_adc.o
    0x08000838   0x0000000a   Code   RO          161    i.ADC_ResetCalibration  stm32f10x_adc.o
    0x08000842   0x00000016   Code   RO          163    i.ADC_SoftwareStartConvCmd  stm32f10x_adc.o
    0x08000858   0x0000000a   Code   RO          165    i.ADC_StartCalibration  stm32f10x_adc.o
    0x08000862   0x00000004   Code   RO         1574    i.BusFault_Handler  stm32f10x_it.o
    0x08000866   0x00000002   PAD
    0x08000868   0x0000008c   Code   RO         1725    i.Control_PWN       measure.o
    0x080008f4   0x0000001c   Code   RO         1450    i.DMA_ClearFlag     stm32f10x_dma.o
    0x08000910   0x00000018   Code   RO         1452    i.DMA_Cmd           stm32f10x_dma.o
    0x08000928   0x0000014c   Code   RO         1453    i.DMA_DeInit        stm32f10x_dma.o
    0x08000a74   0x00000008   Code   RO         1454    i.DMA_GetCurrDataCounter  stm32f10x_dma.o
    0x08000a7c   0x0000003c   Code   RO         1458    i.DMA_Init          stm32f10x_dma.o
    0x08000ab8   0x00000084   Code   RO         1726    i.Data_Conversion   measure.o
    0x08000b3c   0x00000002   Code   RO         1575    i.DebugMon_Handler  stm32f10x_it.o
    0x08000b3e   0x00000002   PAD
    0x08000b40   0x00000030   Code   RO         1631    i.Delay_Nms         delay.o
    0x08000b70   0x0000002c   Code   RO         1632    i.Delay_Nus         delay.o
    0x08000b9c   0x00000090   Code   RO         1694    i.EXTI9_5_IRQHandler  key.o
    0x08000c2c   0x0000000c   Code   RO         1396    i.EXTI_ClearFlag    stm32f10x_exti.o
    0x08000c38   0x00000028   Code   RO         1401    i.EXTI_GetITStatus  stm32f10x_exti.o
    0x08000c60   0x00000094   Code   RO         1402    i.EXTI_Init         stm32f10x_exti.o
    0x08000cf4   0x0000003c   Code   RO         1963    i.GET_Message       usart2.o
    0x08000d30   0x0000000c   Code   RO         1874    i.GPIOABC_Init      nvic.o
    0x08000d3c   0x00000040   Code   RO          357    i.GPIO_EXTILineConfig  stm32f10x_gpio.o
    0x08000d7c   0x00000116   Code   RO          360    i.GPIO_Init         stm32f10x_gpio.o
    0x08000e92   0x00000002   PAD
    0x08000e94   0x00000090   Code   RO          362    i.GPIO_PinRemapConfig  stm32f10x_gpio.o
    0x08000f24   0x00000004   Code   RO          367    i.GPIO_ResetBits    stm32f10x_gpio.o
    0x08000f28   0x00000004   Code   RO          368    i.GPIO_SetBits      stm32f10x_gpio.o
    0x08000f2c   0x000000a4   Code   RO         1964    i.GPS_GSM_Init      usart2.o
    0x08000fd0   0x00000098   Code   RO         1965    i.GPS_Pr            usart2.o
    0x08001068   0x0000009c   Code   RO         1966    i.GSM_Pr            usart2.o
    0x08001104   0x00000040   Code   RO         1967    i.Get_Location_Data  usart2.o
    0x08001144   0x0000002c   Code   RO         1892    i.Get_Phone_Number  usart1.o
    0x08001170   0x00000004   Code   RO         1576    i.HardFault_Handler  stm32f10x_it.o
    0x08001174   0x00000084   Code   RO         1695    i.Key_Init          key.o
    0x080011f8   0x00000068   Code   RO         1696    i.LED_Init          key.o
    0x08001260   0x00000114   Code   RO         2064    i.MEASURE_Mode      mode.o
    0x08001374   0x00000058   Code   RO         1846    i.MOTO_Forward      moto.o
    0x080013cc   0x00000040   Code   RO         1847    i.MOTO_Init         moto.o
    0x0800140c   0x00000058   Code   RO         1848    i.MOTO_Reverse      moto.o
    0x08001464   0x0000001a   Code   RO         1727    i.Measure           measure.o
    0x0800147e   0x00000002   PAD
    0x08001480   0x00000130   Code   RO         1728    i.Measure_Data      measure.o
    0x080015b0   0x00000050   Code   RO         1729    i.Measure_Init      measure.o
    0x08001600   0x00000004   Code   RO         1577    i.MemManage_Handler  stm32f10x_it.o
    0x08001604   0x00000064   Code   RO         1968    i.Message_Action    usart2.o
    0x08001668   0x00000038   Code   RO         2065    i.Mode_Init         mode.o
    0x080016a0   0x00000002   Code   RO         1578    i.NMI_Handler       stm32f10x_it.o
    0x080016a2   0x00000002   PAD
    0x080016a4   0x00000070   Code   RO           92    i.NVIC_Init         misc.o
    0x08001714   0x00000014   Code   RO           93    i.NVIC_PriorityGroupConfig  misc.o
    0x08001728   0x0000002c   Code   RO         1765    i.PWM_BL            pwm.o
    0x08001754   0x00000030   Code   RO         1766    i.PWM_Left_B        pwm.o
    0x08001784   0x00000028   Code   RO         1767    i.PWM_Left_BL       pwm.o
    0x080017ac   0x00000030   Code   RO         1768    i.PWM_Left_C        pwm.o
    0x080017dc   0x00000022   Code   RO         1769    i.PWM_NVIC_Config   pwm.o
    0x080017fe   0x00000002   PAD
    0x08001800   0x00000030   Code   RO         1770    i.PWM_Right_B       pwm.o
    0x08001830   0x00000028   Code   RO         1771    i.PWM_Right_BL      pwm.o
    0x08001858   0x00000030   Code   RO         1772    i.PWM_Right_C       pwm.o
    0x08001888   0x00000038   Code   RO         1773    i.PWM_Start         pwm.o
    0x080018c0   0x00000034   Code   RO         1774    i.PWM_Stop          pwm.o
    0x080018f4   0x00000002   Code   RO         1579    i.PendSV_Handler    stm32f10x_it.o
    0x080018f6   0x00000002   PAD
    0x080018f8   0x000000d8   Code   RO         1775    i.Pwm_Init          pwm.o
    0x080019d0   0x00000018   Code   RO          468    i.RCC_ADCCLKConfig  stm32f10x_rcc.o
    0x080019e8   0x00000020   Code   RO          469    i.RCC_AHBPeriphClockCmd  stm32f10x_rcc.o
    0x08001a08   0x00000020   Code   RO          470    i.RCC_APB1PeriphClockCmd  stm32f10x_rcc.o
    0x08001a28   0x00000020   Code   RO          472    i.RCC_APB2PeriphClockCmd  stm32f10x_rcc.o
    0x08001a48   0x00000020   Code   RO          473    i.RCC_APB2PeriphResetCmd  stm32f10x_rcc.o
    0x08001a68   0x000000d4   Code   RO          480    i.RCC_GetClocksFreq  stm32f10x_rcc.o
    0x08001b3c   0x00000002   Code   RO         1580    i.SVC_Handler       stm32f10x_it.o
    0x08001b3e   0x00000002   PAD
    0x08001b40   0x0000008c   Code   RO         1969    i.Send_Message      usart2.o
    0x08001bcc   0x00000008   Code   RO           17    i.SetSysClock       system_stm32f10x.o
    0x08001bd4   0x000000e0   Code   RO           18    i.SetSysClockTo72   system_stm32f10x.o
    0x08001cb4   0x0000001a   Code   RO         1776    i.Set_PWM           pwm.o
    0x08001cce   0x00000028   Code   RO           96    i.SysTick_CLKSourceConfig  misc.o
    0x08001cf6   0x00000016   Code   RO         1633    i.SysTick_Configuration  delay.o
    0x08001d0c   0x00000010   Code   RO         1634    i.SysTick_Handler   delay.o
    0x08001d1c   0x00000060   Code   RO           20    i.SystemInit        system_stm32f10x.o
    0x08001d7c   0x00000034   Code   RO         2138    i.T3_GET_Time       time3.o
    0x08001db0   0x0000002c   Code   RO         2139    i.TIM3_IRQHandler   time3.o
    0x08001ddc   0x00000018   Code   RO          672    i.TIM_ARRPreloadConfig  stm32f10x_tim.o
    0x08001df4   0x00000006   Code   RO          678    i.TIM_ClearFlag     stm32f10x_tim.o
    0x08001dfa   0x00000006   Code   RO          679    i.TIM_ClearITPendingBit  stm32f10x_tim.o
    0x08001e00   0x00000018   Code   RO          684    i.TIM_Cmd           stm32f10x_tim.o
    0x08001e18   0x00000006   Code   RO          703    i.TIM_GetCounter    stm32f10x_tim.o
    0x08001e1e   0x00000022   Code   RO          705    i.TIM_GetITStatus   stm32f10x_tim.o
    0x08001e40   0x00000012   Code   RO          709    i.TIM_ITConfig      stm32f10x_tim.o
    0x08001e52   0x00000002   PAD
    0x08001e54   0x00000098   Code   RO          713    i.TIM_OC1Init       stm32f10x_tim.o
    0x08001eec   0x00000012   Code   RO          716    i.TIM_OC1PreloadConfig  stm32f10x_tim.o
    0x08001efe   0x00000002   PAD
    0x08001f00   0x000000a4   Code   RO          718    i.TIM_OC2Init       stm32f10x_tim.o
    0x08001fa4   0x0000001a   Code   RO          721    i.TIM_OC2PreloadConfig  stm32f10x_tim.o
    0x08001fbe   0x00000004   Code   RO          745    i.TIM_SetCompare1   stm32f10x_tim.o
    0x08001fc2   0x00000004   Code   RO          746    i.TIM_SetCompare2   stm32f10x_tim.o
    0x08001fc6   0x00000002   PAD
    0x08001fc8   0x000000a4   Code   RO          755    i.TIM_TimeBaseInit  stm32f10x_tim.o
    0x0800206c   0x00000064   Code   RO         2140    i.Time3_Config      time3.o
    0x080020d0   0x00000064   Code   RO         1893    i.UART1_Configuration  usart1.o
    0x08002134   0x00000054   Code   RO         1894    i.UART1_DMA_Configuration  usart1.o
    0x08002188   0x0000003c   Code   RO         1895    i.UART1_GPIO_Configuration  usart1.o
    0x080021c4   0x00000014   Code   RO         1896    i.UART1_RCC_Configuration  usart1.o
    0x080021d8   0x00000064   Code   RO         1970    i.UART2_Configuration  usart2.o
    0x0800223c   0x000000cc   Code   RO         1897    i.USART1_IRQHandler  usart1.o
    0x08002308   0x00000018   Code   RO         1898    i.USART1_Init       usart1.o
    0x08002320   0x00000022   Code   RO         1899    i.USART1_NVIC_Configuration  usart1.o
    0x08002342   0x00000002   PAD
    0x08002344   0x00000128   Code   RO         1900    i.USART1_Pr         usart1.o
    0x0800246c   0x00000044   Code   RO         1901    i.USART1_SendString  usart1.o
    0x080024b0   0x00000038   Code   RO         1971    i.USART2_GPIO_Configuration  usart2.o
    0x080024e8   0x000000dc   Code   RO         1972    i.USART2_IRQHandler  usart2.o
    0x080025c4   0x00000028   Code   RO         1973    i.USART2_Init       usart2.o
    0x080025ec   0x00000020   Code   RO         1974    i.USART2_NVIC_Configuration  usart2.o
    0x0800260c   0x00000064   Code   RO         1975    i.USART2_Pr         usart2.o
    0x08002670   0x0000000c   Code   RO         1976    i.USART2_RCC_Configuration  usart2.o
    0x0800267c   0x00000044   Code   RO         1977    i.USART2_SendString  usart2.o
    0x080026c0   0x00000012   Code   RO         1216    i.USART_ClearFlag   stm32f10x_usart.o
    0x080026d2   0x0000001e   Code   RO         1217    i.USART_ClearITPendingBit  stm32f10x_usart.o
    0x080026f0   0x00000018   Code   RO         1220    i.USART_Cmd         stm32f10x_usart.o
    0x08002708   0x00000012   Code   RO         1221    i.USART_DMACmd      stm32f10x_usart.o
    0x0800271a   0x0000001a   Code   RO         1223    i.USART_GetFlagStatus  stm32f10x_usart.o
    0x08002734   0x00000054   Code   RO         1224    i.USART_GetITStatus  stm32f10x_usart.o
    0x08002788   0x0000004a   Code   RO         1226    i.USART_ITConfig    stm32f10x_usart.o
    0x080027d2   0x00000002   PAD
    0x080027d4   0x000000d8   Code   RO         1227    i.USART_Init        stm32f10x_usart.o
    0x080028ac   0x0000000a   Code   RO         1234    i.USART_ReceiveData  stm32f10x_usart.o
    0x080028b6   0x00000008   Code   RO         1237    i.USART_SendData    stm32f10x_usart.o
    0x080028be   0x00000004   Code   RO         1581    i.UsageFault_Handler  stm32f10x_it.o
    0x080028c2   0x00000002   PAD
    0x080028c4   0x00000074   Code   RO         1522    i.main              main.o
    0x08002938   0x0000000c   Code   RO         1875    i.set_PriorityGroup  nvic.o
    0x08002944   0x00000062   Code   RO         2200    x$fpl$d2f           fz_ws.l(d2f.o)
    0x080029a6   0x00000002   PAD
    0x080029a8   0x000002b0   Code   RO         2203    x$fpl$ddiv          fz_ws.l(ddiv.o)
    0x08002c58   0x0000005e   Code   RO         2206    x$fpl$dfix          fz_ws.l(dfix.o)
    0x08002cb6   0x0000002e   Code   RO         2211    x$fpl$dflt          fz_ws.l(dflt_clz.o)
    0x08002ce4   0x00000026   Code   RO         2210    x$fpl$dfltu         fz_ws.l(dflt_clz.o)
    0x08002d0a   0x00000002   PAD
    0x08002d0c   0x00000154   Code   RO         2216    x$fpl$dmul          fz_ws.l(dmul.o)
    0x08002e60   0x0000009c   Code   RO         2227    x$fpl$dnaninf       fz_ws.l(dnaninf.o)
    0x08002efc   0x0000000c   Code   RO         2229    x$fpl$dretinf       fz_ws.l(dretinf.o)
    0x08002f08   0x00000184   Code   RO         2219    x$fpl$fdiv          fz_ws.l(fdiv.o)
    0x0800308c   0x00000036   Code   RO         2222    x$fpl$ffix          fz_ws.l(ffix.o)
    0x080030c2   0x0000008c   Code   RO         2231    x$fpl$fnaninf       fz_ws.l(fnaninf.o)
    0x0800314e   0x0000000a   Code   RO         2233    x$fpl$fretinf       fz_ws.l(fretinf.o)
    0x08003158   0x00000000   Code   RO         2235    x$fpl$usenofp       fz_ws.l(usenofp.o)
    0x08003158   0x00000010   Data   RO         1849    .constdata          moto.o
    0x08003168   0x00000020   Data   RO         2388    Region$$Table       anon$$obj.o


    Execution Region RW_IRAM1 (Base: 0x20000000, Size: 0x00000860, Max: 0x0000c000, ABSOLUTE)

    Base Addr    Size         Type   Attr      Idx    E Section Name        Object

    0x20000000   0x00000014   Data   RW          500    .data               stm32f10x_rcc.o
    0x20000014   0x00000004   Data   RW         1635    .data               delay.o
    0x20000018   0x00000001   Data   RW         1731    .data               measure.o
    0x20000019   0x00000003   PAD
    0x2000001c   0x00000004   Data   RW         1777    .data               pwm.o
    0x20000020   0x00000001   Data   RW         1850    .data               moto.o
    0x20000021   0x0000000d   Data   RW         1903    .data               usart1.o
    0x2000002e   0x00000007   Data   RW         1979    .data               usart2.o
    0x20000035   0x00000004   Data   RW         2066    .data               mode.o
    0x20000039   0x00000001   Data   RW         2094    .data               adc.o
    0x2000003a   0x00000002   PAD
    0x2000003c   0x00000018   Zero   RW         1730    .bss                measure.o
    0x20000054   0x00000078   Zero   RW         1902    .bss                usart1.o
    0x200000cc   0x000000e6   Zero   RW         1978    .bss                usart2.o
    0x200001b2   0x0000004c   Zero   RW         2093    .bss                adc.o
    0x200001fe   0x00000002   PAD
    0x20000200   0x00000060   Zero   RW         2262    .bss                c_w.l(libspace.o)
    0x20000260   0x00000200   Zero   RW           86    HEAP                startup_stm32f10x_hd.o
    0x20000460   0x00000400   Zero   RW           85    STACK               startup_stm32f10x_hd.o


==============================================================================

Image component sizes


      Code (inc. data)   RO Data    RW Data    ZI Data      Debug   Object Name

       832         92          0          1         76       3660   adc.o
         0          0          0          0          0       4572   core_cm3.o
       130         16          0          4          0       1876   delay.o
       380         18          0          0          0       1499   key.o
       116         14          0          0          0        471   main.o
       682         44          0          1         24       3028   measure.o
       172         22          0          0          0       1969   misc.o
       332        100          0          4          0       1322   mode.o
       240         34         16          1          0       1952   moto.o
        24          0          0          0          0        799   nvic.o
       700         46          0          4          0       5384   pwm.o
        64         26        304          0       1536        784   startup_stm32f10x_hd.o
       482         24          0          0          0       7706   stm32f10x_adc.o
       452         18          0          0          0       4355   stm32f10x_dma.o
       200         18          0          0          0       2004   stm32f10x_exti.o
       494         10          0          0          0       4352   stm32f10x_gpio.o
        24          0          0          0          0       3060   stm32f10x_it.o
       364         50          0         20          0       5918   stm32f10x_rcc.o
       650         72          0          0          0       8520   stm32f10x_tim.o
       508          6          0          0          0       7692   stm32f10x_usart.o
       328         28          0          0          0     270833   system_stm32f10x.o
       196         26          0          0          0       1379   time3.o
       934        108          0         13        120       5667   usart1.o
      1464        374          0          7        230       8019   usart2.o

    ----------------------------------------------------------------------
      9800       1146        352         60       1988     356821   Object Totals
         0          0         32          0          0          0   (incl. Generated)
        32          0          0          5          2          0   (incl. Padding)

    ----------------------------------------------------------------------

      Code (inc. data)   RO Data    RW Data    ZI Data      Debug   Library Member Name

         8          0          0          0          0         68   __main.o
         0          0          0          0          0          0   __rtentry.o
        12          0          0          0          0          0   __rtentry2.o
         6          0          0          0          0          0   __rtentry4.o
        52          8          0          0          0          0   __scatter.o
        26          0          0          0          0          0   __scatter_copy.o
        28          0          0          0          0          0   __scatter_zi.o
        18          0          0          0          0         80   exit.o
         6          0          0          0          0        152   heapauxi.o
         0          0          0          0          0          0   indicate_semi.o
         2          0          0          0          0          0   libinit.o
         2          0          0          0          0          0   libinit2.o
         2          0          0          0          0          0   libshutdown.o
         2          0          0          0          0          0   libshutdown2.o
         8          4          0          0         96         68   libspace.o
        78          0          0          0          0         80   rt_memclr_w.o
         2          0          0          0          0          0   rtexit.o
        10          0          0          0          0          0   rtexit2.o
        24          0          0          0          0         68   strcat.o
        20          0          0          0          0         68   strchr.o
        22          0          0          0          0         68   strrchr.o
        36          0          0          0          0         80   strstr.o
        12          4          0          0          0         68   sys_exit.o
        74          0          0          0          0         80   sys_stackheap_outer.o
         2          0          0          0          0         68   use_no_semi.o
        98          4          0          0          0         92   d2f.o
       688        140          0          0          0        208   ddiv.o
        94          4          0          0          0         92   dfix.o
        84          0          0          0          0        136   dflt_clz.o
       340         12          0          0          0        104   dmul.o
       156          4          0          0          0         92   dnaninf.o
        12          0          0          0          0         68   dretinf.o
       388         76          0          0          0         96   fdiv.o
        54          4          0          0          0         84   ffix.o
       140          4          0          0          0         84   fnaninf.o
        10          0          0          0          0         68   fretinf.o
         0          0          0          0          0          0   usenofp.o

    ----------------------------------------------------------------------
      2528        264          0          0         96       2072   Library Totals
        12          0          0          0          0          0   (incl. Padding)

    ----------------------------------------------------------------------

      Code (inc. data)   RO Data    RW Data    ZI Data      Debug   Library Name

       452         16          0          0         96        948   c_w.l
      2064        248          0          0          0       1124   fz_ws.l

    ----------------------------------------------------------------------
      2528        264          0          0         96       2072   Library Totals

    ----------------------------------------------------------------------

==============================================================================


      Code (inc. data)   RO Data    RW Data    ZI Data      Debug   

     12328       1410        352         60       2084     351141   Grand Totals
     12328       1410        352         60       2084     351141   ELF Image Totals
     12328       1410        352         60          0          0   ROM Totals

==============================================================================

    Total RO  Size (Code + RO Data)                12680 (  12.38kB)
    Total RW  Size (RW Data + ZI Data)              2144 (   2.09kB)
    Total ROM Size (Code + RO Data + RW Data)      12740 (  12.44kB)

==============================================================================

